103.42.216.112 - - [30/Mar/2017:04:41:26 +0000] "GET /logout HTTP/1.1" 200 1253 "http://103.253.146.26/dashboard" "Mozilla/5.0 (Windows NT 10.0; Win64; x64) AppleWebKit/537.36 (KHTML, like Gecko) Chrome/57.0.2987.98 Safari/537.36"
103.42.216.112 - - [30/Mar/2017:04:41:30 +0000] "POST /validate HTTP/1.1" 302 105 "http://103.253.146.26/logout" "Mozilla/5.0 (Windows NT 10.0; Win64; x64) AppleWebKit/537.36 (KHTML, like Gecko) Chrome/57.0.2987.98 Safari/537.36"
103.42.216.112 - - [30/Mar/2017:04:41:30 +0000] "GET /orders HTTP/1.1" 200 2091 "http://103.253.146.26/logout" "Mozilla/5.0 (Windows NT 10.0; Win64; x64) AppleWebKit/537.36 (KHTML, like Gecko) Chrome/57.0.2987.98 Safari/537.36"
103.42.216.112 - - [30/Mar/2017:04:41:36 +0000] "GET /assets/dataTables/sort_desc-26da8e7eaf746a08dec2928977be21aa67212484540a12042b86aa2d904b80e8.png HTTP/1.1" 200 1127 "http://103.253.146.26/assets/application-2875f0e4607cc022b5d8048142ca3911adb3b7592bd682d223b12d7dac96b39c.css" "Mozilla/5.0 (Windows NT 10.0; Win64; x64) AppleWebKit/537.36 (KHTML, like Gecko) Chrome/57.0.2987.98 Safari/537.36"
103.42.216.112 - - [30/Mar/2017:04:41:45 +0000] "GET /dashboard HTTP/1.1" 200 1442 "http://103.253.146.26/orders" "Mozilla/5.0 (Windows NT 10.0; Win64; x64) AppleWebKit/537.36 (KHTML, like Gecko) Chrome/57.0.2987.98 Safari/537.36"
103.42.216.112 - - [30/Mar/2017:04:41:53 +0000] "GET /departments HTTP/1.1" 200 1491 "http://103.253.146.26/dashboard" "Mozilla/5.0 (Windows NT 10.0; Win64; x64) AppleWebKit/537.36 (KHTML, like Gecko) Chrome/57.0.2987.98 Safari/537.36"
103.42.216.112 - - [30/Mar/2017:04:42:00 +0000] "GET /staffs HTTP/1.1" 200 1369 "http://103.253.146.26/dashboard" "Mozilla/5.0 (Windows NT 10.0; Win64; x64) AppleWebKit/537.36 (KHTML, like Gecko) Chrome/57.0.2987.98 Safari/537.36"
103.42.216.112 - - [30/Mar/2017:04:42:03 +0000] "GET /logout HTTP/1.1" 200 1258 "http://103.253.146.26/staffs" "Mozilla/5.0 (Windows NT 10.0; Win64; x64) AppleWebKit/537.36 (KHTML, like Gecko) Chrome/57.0.2987.98 Safari/537.36"
103.42.216.112 - - [30/Mar/2017:04:42:09 +0000] "POST /validate HTTP/1.1" 302 105 "http://103.253.146.26/logout" "Mozilla/5.0 (Windows NT 10.0; Win64; x64) AppleWebKit/537.36 (KHTML, like Gecko) Chrome/57.0.2987.98 Safari/537.36"
103.42.216.112 - - [30/Mar/2017:04:42:09 +0000] "GET /orders HTTP/1.1" 200 1834 "http://103.253.146.26/logout" "Mozilla/5.0 (Windows NT 10.0; Win64; x64) AppleWebKit/537.36 (KHTML, like Gecko) Chrome/57.0.2987.98 Safari/537.36"
103.42.216.112 - - [30/Mar/2017:04:42:12 +0000] "GET /dashboard HTTP/1.1" 200 1220 "http://103.253.146.26/orders" "Mozilla/5.0 (Windows NT 10.0; Win64; x64) AppleWebKit/537.36 (KHTML, like Gecko) Chrome/57.0.2987.98 Safari/537.36"
103.42.216.112 - - [30/Mar/2017:04:42:13 +0000] "GET /orders/8 HTTP/1.1" 200 2187 "http://103.253.146.26/dashboard" "Mozilla/5.0 (Windows NT 10.0; Win64; x64) AppleWebKit/537.36 (KHTML, like Gecko) Chrome/57.0.2987.98 Safari/537.36"
103.42.216.112 - - [30/Mar/2017:04:42:16 +0000] "GET /orders HTTP/1.1" 200 1711 "http://103.253.146.26/orders/8" "Mozilla/5.0 (Windows NT 10.0; Win64; x64) AppleWebKit/537.36 (KHTML, like Gecko) Chrome/57.0.2987.98 Safari/537.36"
103.42.216.112 - - [30/Mar/2017:04:42:18 +0000] "GET /dashboard HTTP/1.1" 200 1222 "http://103.253.146.26/orders" "Mozilla/5.0 (Windows NT 10.0; Win64; x64) AppleWebKit/537.36 (KHTML, like Gecko) Chrome/57.0.2987.98 Safari/537.36"
103.42.216.112 - - [30/Mar/2017:04:42:20 +0000] "GET /orders/9 HTTP/1.1" 200 2187 "http://103.253.146.26/dashboard" "Mozilla/5.0 (Windows NT 10.0; Win64; x64) AppleWebKit/537.36 (KHTML, like Gecko) Chrome/57.0.2987.98 Safari/537.36"
91.196.50.33 - - [30/Mar/2017:04:42:37 +0000] "GET http://testp3.pospr.waw.pl/testproxy.php HTTP/1.1" 404 715 "-" "Mozilla/5.0 (Windows NT 5.1; rv:32.0) Gecko/20100101 Firefox/31.0"
103.42.216.112 - - [30/Mar/2017:04:44:36 +0000] "POST /orders/9 HTTP/1.1" 302 107 "http://103.253.146.26/orders/9" "Mozilla/5.0 (Windows NT 10.0; Win64; x64) AppleWebKit/537.36 (KHTML, like Gecko) Chrome/57.0.2987.98 Safari/537.36"
103.42.216.112 - - [30/Mar/2017:04:44:36 +0000] "GET /orders/9 HTTP/1.1" 200 1862 "http://103.253.146.26/orders/9" "Mozilla/5.0 (Windows NT 10.0; Win64; x64) AppleWebKit/537.36 (KHTML, like Gecko) Chrome/57.0.2987.98 Safari/537.36"
103.42.216.112 - - [30/Mar/2017:04:44:37 +0000] "GET /dashboard HTTP/1.1" 200 1291 "http://103.253.146.26/orders/9" "Mozilla/5.0 (Windows NT 10.0; Win64; x64) AppleWebKit/537.36 (KHTML, like Gecko) Chrome/57.0.2987.98 Safari/537.36"
103.42.216.112 - - [30/Mar/2017:04:44:39 +0000] "GET /orders/8 HTTP/1.1" 200 2190 "http://103.253.146.26/dashboard" "Mozilla/5.0 (Windows NT 10.0; Win64; x64) AppleWebKit/537.36 (KHTML, like Gecko) Chrome/57.0.2987.98 Safari/537.36"
103.42.216.112 - - [30/Mar/2017:04:44:41 +0000] "POST /orders/8 HTTP/1.1" 302 107 "http://103.253.146.26/orders/8" "Mozilla/5.0 (Windows NT 10.0; Win64; x64) AppleWebKit/537.36 (KHTML, like Gecko) Chrome/57.0.2987.98 Safari/537.36"
103.42.216.112 - - [30/Mar/2017:04:44:41 +0000] "GET /orders/8 HTTP/1.1" 200 1857 "http://103.253.146.26/orders/8" "Mozilla/5.0 (Windows NT 10.0; Win64; x64) AppleWebKit/537.36 (KHTML, like Gecko) Chrome/57.0.2987.98 Safari/537.36"
103.42.216.112 - - [30/Mar/2017:04:44:43 +0000] "GET /dashboard HTTP/1.1" 200 1137 "http://103.253.146.26/orders/8" "Mozilla/5.0 (Windows NT 10.0; Win64; x64) AppleWebKit/537.36 (KHTML, like Gecko) Chrome/57.0.2987.98 Safari/537.36"
103.42.216.112 - - [30/Mar/2017:04:45:35 +0000] "POST /api/v1/orders HTTP/1.1" 200 25 "-" "Mozilla/5.0 (Windows NT 10.0; Win64; x64) AppleWebKit/537.36 (KHTML, like Gecko) Chrome/57.0.2987.98 Safari/537.36"
103.42.216.112 - - [30/Mar/2017:04:45:38 +0000] "GET /dashboard HTTP/1.1" 200 1171 "http://103.253.146.26/orders/8" "Mozilla/5.0 (Windows NT 10.0; Win64; x64) AppleWebKit/537.36 (KHTML, like Gecko) Chrome/57.0.2987.98 Safari/537.36"
103.42.216.112 - - [30/Mar/2017:04:45:39 +0000] "GET /favicon.ico HTTP/1.1" 200 0 "http://103.253.146.26/dashboard" "Mozilla/5.0 (Windows NT 10.0; Win64; x64) AppleWebKit/537.36 (KHTML, like Gecko) Chrome/57.0.2987.98 Safari/537.36"
103.42.216.112 - - [30/Mar/2017:04:45:40 +0000] "GET /orders/14 HTTP/1.1" 200 2196 "http://103.253.146.26/dashboard" "Mozilla/5.0 (Windows NT 10.0; Win64; x64) AppleWebKit/537.36 (KHTML, like Gecko) Chrome/57.0.2987.98 Safari/537.36"
103.42.216.112 - - [30/Mar/2017:04:45:47 +0000] "POST /api/v1/orders HTTP/1.1" 200 25 "-" "Mozilla/5.0 (Windows NT 10.0; Win64; x64) AppleWebKit/537.36 (KHTML, like Gecko) Chrome/57.0.2987.98 Safari/537.36"
103.42.216.112 - - [30/Mar/2017:04:45:49 +0000] "GET /orders HTTP/1.1" 200 1784 "http://103.253.146.26/orders/14" "Mozilla/5.0 (Windows NT 10.0; Win64; x64) AppleWebKit/537.36 (KHTML, like Gecko) Chrome/57.0.2987.98 Safari/537.36"
103.42.216.112 - - [30/Mar/2017:04:45:51 +0000] "GET /dashboard HTTP/1.1" 200 1219 "http://103.253.146.26/orders" "Mozilla/5.0 (Windows NT 10.0; Win64; x64) AppleWebKit/537.36 (KHTML, like Gecko) Chrome/57.0.2987.98 Safari/537.36"
103.42.216.112 - - [30/Mar/2017:04:45:54 +0000] "GET /orders/15 HTTP/1.1" 200 2201 "http://103.253.146.26/dashboard" "Mozilla/5.0 (Windows NT 10.0; Win64; x64) AppleWebKit/537.36 (KHTML, like Gecko) Chrome/57.0.2987.98 Safari/537.36"
103.42.216.112 - - [30/Mar/2017:04:46:40 +0000] "GET /dashboard HTTP/1.1" 200 1220 "http://103.253.146.26/orders/15" "Mozilla/5.0 (Windows NT 10.0; Win64; x64) AppleWebKit/537.36 (KHTML, like Gecko) Chrome/57.0.2987.98 Safari/537.36"
103.42.216.112 - - [30/Mar/2017:04:46:42 +0000] "GET /orders/14 HTTP/1.1" 200 2194 "http://103.253.146.26/dashboard" "Mozilla/5.0 (Windows NT 10.0; Win64; x64) AppleWebKit/537.36 (KHTML, like Gecko) Chrome/57.0.2987.98 Safari/537.36"
103.42.216.112 - - [30/Mar/2017:04:46:43 +0000] "GET /orders/15 HTTP/1.1" 200 2193 "http://103.253.146.26/dashboard" "Mozilla/5.0 (Windows NT 10.0; Win64; x64) AppleWebKit/537.36 (KHTML, like Gecko) Chrome/57.0.2987.98 Safari/537.36"
103.42.216.112 - - [30/Mar/2017:04:47:34 +0000] "GET /orders/14 HTTP/1.1" 200 2195 "http://103.253.146.26/dashboard" "Mozilla/5.0 (Windows NT 10.0; Win64; x64) AppleWebKit/537.36 (KHTML, like Gecko) Chrome/57.0.2987.98 Safari/537.36"
103.42.216.112 - - [30/Mar/2017:04:47:36 +0000] "GET /orders HTTP/1.1" 200 1786 "http://103.253.146.26/orders/14" "Mozilla/5.0 (Windows NT 10.0; Win64; x64) AppleWebKit/537.36 (KHTML, like Gecko) Chrome/57.0.2987.98 Safari/537.36"
103.42.216.112 - - [30/Mar/2017:04:47:55 +0000] "GET /dashboard HTTP/1.1" 200 1219 "http://103.253.146.26/orders" "Mozilla/5.0 (Windows NT 10.0; Win64; x64) AppleWebKit/537.36 (KHTML, like Gecko) Chrome/57.0.2987.98 Safari/537.36"
103.42.216.112 - - [30/Mar/2017:04:57:04 +0000] "GET /dashboard HTTP/1.1" 200 1221 "http://103.253.146.26/orders/8" "Mozilla/5.0 (Windows NT 10.0; Win64; x64) AppleWebKit/537.36 (KHTML, like Gecko) Chrome/57.0.2987.98 Safari/537.36"
103.42.216.112 - - [30/Mar/2017:04:57:04 +0000] "GET /favicon.ico HTTP/1.1" 200 0 "http://103.253.146.26/dashboard" "Mozilla/5.0 (Windows NT 10.0; Win64; x64) AppleWebKit/537.36 (KHTML, like Gecko) Chrome/57.0.2987.98 Safari/537.36"
103.42.216.112 - - [30/Mar/2017:04:57:09 +0000] "POST /api/v1/orders HTTP/1.1" 200 25 "-" "Mozilla/5.0 (Windows NT 10.0; Win64; x64) AppleWebKit/537.36 (KHTML, like Gecko) Chrome/57.0.2987.98 Safari/537.36"
103.42.216.112 - - [30/Mar/2017:04:57:10 +0000] "GET /dashboard HTTP/1.1" 200 1237 "http://103.253.146.26/orders/8" "Mozilla/5.0 (Windows NT 10.0; Win64; x64) AppleWebKit/537.36 (KHTML, like Gecko) Chrome/57.0.2987.98 Safari/537.36"
103.42.216.112 - - [30/Mar/2017:04:57:10 +0000] "GET /favicon.ico HTTP/1.1" 200 0 "http://103.253.146.26/dashboard" "Mozilla/5.0 (Windows NT 10.0; Win64; x64) AppleWebKit/537.36 (KHTML, like Gecko) Chrome/57.0.2987.98 Safari/537.36"
103.42.216.112 - - [30/Mar/2017:04:57:16 +0000] "GET /orders/16 HTTP/1.1" 200 2204 "http://103.253.146.26/dashboard" "Mozilla/5.0 (Windows NT 10.0; Win64; x64) AppleWebKit/537.36 (KHTML, like Gecko) Chrome/57.0.2987.98 Safari/537.36"
103.42.216.112 - - [30/Mar/2017:04:57:21 +0000] "GET /dashboard HTTP/1.1" 200 1239 "http://103.253.146.26/orders/16" "Mozilla/5.0 (Windows NT 10.0; Win64; x64) AppleWebKit/537.36 (KHTML, like Gecko) Chrome/57.0.2987.98 Safari/537.36"
103.42.216.112 - - [30/Mar/2017:04:58:15 +0000] "GET /dashboard HTTP/1.1" 200 1240 "http://103.253.146.26/orders/8" "Mozilla/5.0 (Windows NT 10.0; Win64; x64) AppleWebKit/537.36 (KHTML, like Gecko) Chrome/57.0.2987.98 Safari/537.36"
103.42.216.112 - - [30/Mar/2017:04:58:16 +0000] "POST /api/v1/orders/ HTTP/1.1" 200 25 "-" "Dalvik/2.1.0 (Linux; U; Android 5.0.2; Android SDK built for x86 Build/LSY66K)"
103.42.216.112 - - [30/Mar/2017:04:58:16 +0000] "GET /favicon.ico HTTP/1.1" 200 0 "http://103.253.146.26/dashboard" "Mozilla/5.0 (Windows NT 10.0; Win64; x64) AppleWebKit/537.36 (KHTML, like Gecko) Chrome/57.0.2987.98 Safari/537.36"
103.42.216.112 - - [30/Mar/2017:04:58:18 +0000] "GET /dashboard HTTP/1.1" 200 1245 "http://103.253.146.26/orders/8" "Mozilla/5.0 (Windows NT 10.0; Win64; x64) AppleWebKit/537.36 (KHTML, like Gecko) Chrome/57.0.2987.98 Safari/537.36"
103.42.216.112 - - [30/Mar/2017:04:58:18 +0000] "GET /favicon.ico HTTP/1.1" 200 0 "http://103.253.146.26/dashboard" "Mozilla/5.0 (Windows NT 10.0; Win64; x64) AppleWebKit/537.36 (KHTML, like Gecko) Chrome/57.0.2987.98 Safari/537.36"
103.42.216.112 - - [30/Mar/2017:04:58:19 +0000] "GET /dashboard HTTP/1.1" 200 1239 "http://103.253.146.26/orders/8" "Mozilla/5.0 (Windows NT 10.0; Win64; x64) AppleWebKit/537.36 (KHTML, like Gecko) Chrome/57.0.2987.98 Safari/537.36"
103.42.216.112 - - [30/Mar/2017:04:58:19 +0000] "GET /favicon.ico HTTP/1.1" 200 0 "http://103.253.146.26/dashboard" "Mozilla/5.0 (Windows NT 10.0; Win64; x64) AppleWebKit/537.36 (KHTML, like Gecko) Chrome/57.0.2987.98 Safari/537.36"
222.186.168.168 - - [30/Mar/2017:04:59:27 +0000] "GET / HTTP/1.1" 200 3186 "http://103.253.146.26" "Mozilla/4.0 (compatible; MSIE 9.0; Windows NT 6.1)"
103.42.216.112 - - [30/Mar/2017:04:59:49 +0000] "GET /orders HTTP/1.1" 200 1853 "http://103.253.146.26/dashboard" "Mozilla/5.0 (Windows NT 10.0; Win64; x64) AppleWebKit/537.36 (KHTML, like Gecko) Chrome/57.0.2987.98 Safari/537.36"
103.42.216.112 - - [30/Mar/2017:04:59:51 +0000] "GET /orders HTTP/1.1" 200 1855 "http://103.253.146.26/orders" "Mozilla/5.0 (Windows NT 10.0; Win64; x64) AppleWebKit/537.36 (KHTML, like Gecko) Chrome/57.0.2987.98 Safari/537.36"
103.42.216.112 - - [30/Mar/2017:05:00:16 +0000] "GET /dashboard HTTP/1.1" 200 1241 "http://103.253.146.26/orders" "Mozilla/5.0 (Windows NT 10.0; Win64; x64) AppleWebKit/537.36 (KHTML, like Gecko) Chrome/57.0.2987.98 Safari/537.36"
103.42.216.112 - - [30/Mar/2017:05:00:23 +0000] "GET /logout HTTP/1.1" 200 1256 "http://103.253.146.26/dashboard" "Mozilla/5.0 (Windows NT 10.0; Win64; x64) AppleWebKit/537.36 (KHTML, like Gecko) Chrome/57.0.2987.98 Safari/537.36"
103.42.216.112 - - [30/Mar/2017:05:00:26 +0000] "POST /validate HTTP/1.1" 302 105 "http://103.253.146.26/logout" "Mozilla/5.0 (Windows NT 10.0; Win64; x64) AppleWebKit/537.36 (KHTML, like Gecko) Chrome/57.0.2987.98 Safari/537.36"
103.42.216.112 - - [30/Mar/2017:05:00:26 +0000] "GET /orders HTTP/1.1" 200 2273 "http://103.253.146.26/logout" "Mozilla/5.0 (Windows NT 10.0; Win64; x64) AppleWebKit/537.36 (KHTML, like Gecko) Chrome/57.0.2987.98 Safari/537.36"
103.42.216.112 - - [30/Mar/2017:05:00:28 +0000] "GET /dashboard HTTP/1.1" 200 1507 "http://103.253.146.26/orders" "Mozilla/5.0 (Windows NT 10.0; Win64; x64) AppleWebKit/537.36 (KHTML, like Gecko) Chrome/57.0.2987.98 Safari/537.36"
103.42.216.112 - - [30/Mar/2017:05:00:41 +0000] "POST /api/v1/orders/ HTTP/1.1" 200 25 "-" "Dalvik/2.1.0 (Linux; U; Android 5.0.2; Android SDK built for x86 Build/LSY66K)"
103.42.216.112 - - [30/Mar/2017:05:00:43 +0000] "GET /dashboard HTTP/1.1" 200 1544 "http://103.253.146.26/logout" "Mozilla/5.0 (Windows NT 10.0; Win64; x64) AppleWebKit/537.36 (KHTML, like Gecko) Chrome/57.0.2987.98 Safari/537.36"
103.42.216.112 - - [30/Mar/2017:05:00:44 +0000] "GET /favicon.ico HTTP/1.1" 200 0 "http://103.253.146.26/dashboard" "Mozilla/5.0 (Windows NT 10.0; Win64; x64) AppleWebKit/537.36 (KHTML, like Gecko) Chrome/57.0.2987.98 Safari/537.36"
103.42.216.112 - - [30/Mar/2017:05:00:46 +0000] "GET /orders/18 HTTP/1.1" 200 1898 "http://103.253.146.26/dashboard" "Mozilla/5.0 (Windows NT 10.0; Win64; x64) AppleWebKit/537.36 (KHTML, like Gecko) Chrome/57.0.2987.98 Safari/537.36"
103.42.216.112 - - [30/Mar/2017:05:00:53 +0000] "GET /orders HTTP/1.1" 200 2200 "http://103.253.146.26/orders/18" "Mozilla/5.0 (Windows NT 10.0; Win64; x64) AppleWebKit/537.36 (KHTML, like Gecko) Chrome/57.0.2987.98 Safari/537.36"
103.42.216.112 - - [30/Mar/2017:05:00:55 +0000] "GET /orders HTTP/1.1" 200 2200 "http://103.253.146.26/logout" "Mozilla/5.0 (Windows NT 10.0; Win64; x64) AppleWebKit/537.36 (KHTML, like Gecko) Chrome/57.0.2987.98 Safari/537.36"
103.42.216.112 - - [30/Mar/2017:05:00:55 +0000] "GET /favicon.ico HTTP/1.1" 200 0 "http://103.253.146.26/orders" "Mozilla/5.0 (Windows NT 10.0; Win64; x64) AppleWebKit/537.36 (KHTML, like Gecko) Chrome/57.0.2987.98 Safari/537.36"
103.42.216.112 - - [30/Mar/2017:05:00:57 +0000] "GET /orders/14 HTTP/1.1" 200 1928 "http://103.253.146.26/orders" "Mozilla/5.0 (Windows NT 10.0; Win64; x64) AppleWebKit/537.36 (KHTML, like Gecko) Chrome/57.0.2987.98 Safari/537.36"
103.42.216.112 - - [30/Mar/2017:05:00:58 +0000] "GET /orders/15 HTTP/1.1" 200 1925 "http://103.253.146.26/orders" "Mozilla/5.0 (Windows NT 10.0; Win64; x64) AppleWebKit/537.36 (KHTML, like Gecko) Chrome/57.0.2987.98 Safari/537.36"
103.42.216.112 - - [30/Mar/2017:05:00:59 +0000] "GET /orders/16 HTTP/1.1" 200 1922 "http://103.253.146.26/orders" "Mozilla/5.0 (Windows NT 10.0; Win64; x64) AppleWebKit/537.36 (KHTML, like Gecko) Chrome/57.0.2987.98 Safari/537.36"
103.42.216.112 - - [30/Mar/2017:05:01:51 +0000] "GET /orders/18 HTTP/1.1" 200 1897 "http://103.253.146.26/orders" "Mozilla/5.0 (Windows NT 10.0; Win64; x64) AppleWebKit/537.36 (KHTML, like Gecko) Chrome/57.0.2987.98 Safari/537.36"
103.42.216.112 - - [30/Mar/2017:05:01:53 +0000] "GET /staffs HTTP/1.1" 200 1371 "http://103.253.146.26/orders/18" "Mozilla/5.0 (Windows NT 10.0; Win64; x64) AppleWebKit/537.36 (KHTML, like Gecko) Chrome/57.0.2987.98 Safari/537.36"
103.42.216.112 - - [30/Mar/2017:05:01:57 +0000] "GET /logout HTTP/1.1" 200 1258 "http://103.253.146.26/staffs" "Mozilla/5.0 (Windows NT 10.0; Win64; x64) AppleWebKit/537.36 (KHTML, like Gecko) Chrome/57.0.2987.98 Safari/537.36"
103.42.216.112 - - [30/Mar/2017:05:02:00 +0000] "POST /validate HTTP/1.1" 302 105 "http://103.253.146.26/logout" "Mozilla/5.0 (Windows NT 10.0; Win64; x64) AppleWebKit/537.36 (KHTML, like Gecko) Chrome/57.0.2987.98 Safari/537.36"
103.42.216.112 - - [30/Mar/2017:05:02:00 +0000] "GET /orders HTTP/1.1" 200 2030 "http://103.253.146.26/logout" "Mozilla/5.0 (Windows NT 10.0; Win64; x64) AppleWebKit/537.36 (KHTML, like Gecko) Chrome/57.0.2987.98 Safari/537.36"
103.42.216.112 - - [30/Mar/2017:05:02:02 +0000] "GET /dashboard HTTP/1.1" 200 1268 "http://103.253.146.26/orders" "Mozilla/5.0 (Windows NT 10.0; Win64; x64) AppleWebKit/537.36 (KHTML, like Gecko) Chrome/57.0.2987.98 Safari/537.36"
103.42.216.112 - - [30/Mar/2017:05:02:04 +0000] "GET /orders/18 HTTP/1.1" 200 2123 "http://103.253.146.26/dashboard" "Mozilla/5.0 (Windows NT 10.0; Win64; x64) AppleWebKit/537.36 (KHTML, like Gecko) Chrome/57.0.2987.98 Safari/537.36"
180.97.106.37 - - [30/Mar/2017:05:09:32 +0000] "\x05\x02\x00\x02" 400 181 "-" "-"
103.42.216.112 - - [30/Mar/2017:05:12:05 +0000] "POST /api/v1/orders/ HTTP/1.1" 200 25 "-" "Dalvik/2.1.0 (Linux; U; Android 5.0.2; Android SDK built for x86 Build/LSY66K)"
103.42.216.112 - - [30/Mar/2017:05:12:09 +0000] "GET /dashboard HTTP/1.1" 200 1301 "http://103.253.146.26/orders/18" "Mozilla/5.0 (Windows NT 10.0; Win64; x64) AppleWebKit/537.36 (KHTML, like Gecko) Chrome/57.0.2987.98 Safari/537.36"
103.42.216.112 - - [30/Mar/2017:05:12:12 +0000] "GET /orders/19 HTTP/1.1" 200 2119 "http://103.253.146.26/dashboard" "Mozilla/5.0 (Windows NT 10.0; Win64; x64) AppleWebKit/537.36 (KHTML, like Gecko) Chrome/57.0.2987.98 Safari/537.36"
103.42.216.112 - - [30/Mar/2017:05:25:09 +0000] "POST /api/v1/login/ HTTP/1.1" 200 287 "-" "Dalvik/2.1.0 (Linux; U; Android 5.0.2; Android SDK built for x86 Build/LSY66K)"
103.42.216.112 - - [30/Mar/2017:05:25:57 +0000] "POST /api/v1/login/ HTTP/1.1" 200 287 "-" "Dalvik/2.1.0 (Linux; U; Android 5.0.2; Android SDK built for x86 Build/LSY66K)"
103.42.216.112 - - [30/Mar/2017:05:37:38 +0000] "POST /api/v1/orders/ HTTP/1.1" 400 36 "-" "Dalvik/2.1.0 (Linux; U; Android 5.0.2; Android SDK built for x86 Build/LSY66K)"
103.42.216.112 - - [30/Mar/2017:05:38:53 +0000] "POST /api/v1/orders/ HTTP/1.1" 400 36 "-" "Dalvik/2.1.0 (Linux; U; Android 5.0.2; Android SDK built for x86 Build/LSY66K)"
103.42.216.112 - - [30/Mar/2017:05:39:20 +0000] "POST /api/v1/orders/ HTTP/1.1" 400 36 "-" "Dalvik/2.1.0 (Linux; U; Android 5.0.2; Android SDK built for x86 Build/LSY66K)"
103.42.216.112 - - [30/Mar/2017:05:39:51 +0000] "POST /api/v1/login/ HTTP/1.1" 200 287 "-" "Dalvik/2.1.0 (Linux; U; Android 5.0.2; Android SDK built for x86 Build/LSY66K)"
103.42.216.112 - - [30/Mar/2017:05:39:53 +0000] "POST /api/v1/orders/ HTTP/1.1" 400 36 "-" "Dalvik/2.1.0 (Linux; U; Android 5.0.2; Android SDK built for x86 Build/LSY66K)"
103.42.216.112 - - [30/Mar/2017:05:43:48 +0000] "POST /api/v1/orders/ HTTP/1.1" 400 36 "-" "Dalvik/2.1.0 (Linux; U; Android 5.0.2; Android SDK built for x86 Build/LSY66K)"
103.42.216.112 - - [30/Mar/2017:05:44:36 +0000] "POST /api/v1/orders/ HTTP/1.1" 400 36 "-" "Dalvik/2.1.0 (Linux; U; Android 5.0.2; Android SDK built for x86 Build/LSY66K)"
103.42.216.112 - - [30/Mar/2017:05:44:49 +0000] "GET /api/v1/orders HTTP/1.1" 200 9179 "-" "Mozilla/5.0 (Windows NT 10.0; Win64; x64) AppleWebKit/537.36 (KHTML, like Gecko) Chrome/57.0.2987.98 Safari/537.36"
103.42.216.112 - - [30/Mar/2017:05:46:50 +0000] "POST /api/v1/orders/ HTTP/1.1" 400 36 "-" "Dalvik/2.1.0 (Linux; U; Android 5.0.2; Android SDK built for x86 Build/LSY66K)"
103.42.216.112 - - [30/Mar/2017:05:46:56 +0000] "GET /api/v1/orders/ HTTP/1.1" 401 25 "-" "Mozilla/5.0 (Windows NT 10.0; Win64; x64) AppleWebKit/537.36 (KHTML, like Gecko) Chrome/56.0.2924.87 Safari/537.36"
103.42.216.112 - - [30/Mar/2017:05:46:56 +0000] "GET /favicon.ico HTTP/1.1" 200 0 "http://103.253.146.26/api/v1/orders/" "Mozilla/5.0 (Windows NT 10.0; Win64; x64) AppleWebKit/537.36 (KHTML, like Gecko) Chrome/56.0.2924.87 Safari/537.36"
103.42.216.112 - - [30/Mar/2017:05:47:12 +0000] "GET /api/v1/orders/ HTTP/1.1" 401 25 "-" "Mozilla/5.0 (Windows NT 10.0; Win64; x64) AppleWebKit/537.36 (KHTML, like Gecko) Chrome/56.0.2924.87 Safari/537.36"
103.42.216.112 - - [30/Mar/2017:05:47:25 +0000] "GET /api/v1/orders/ HTTP/1.1" 401 25 "-" "Mozilla/5.0 (Windows NT 10.0; Win64; x64) AppleWebKit/537.36 (KHTML, like Gecko) Chrome/56.0.2924.87 Safari/537.36"
103.42.216.112 - - [30/Mar/2017:05:47:28 +0000] "GET /api/v1/orders/ HTTP/1.1" 401 25 "-" "Mozilla/5.0 (Windows NT 10.0; Win64; x64) AppleWebKit/537.36 (KHTML, like Gecko) Chrome/56.0.2924.87 Safari/537.36"
103.42.216.112 - - [30/Mar/2017:05:49:13 +0000] "GET /api/v1/orders/ HTTP/1.1" 200 9179 "-" "Dalvik/2.1.0 (Linux; U; Android 5.0.2; Android SDK built for x86 Build/LSY66K)"
103.42.216.8 - - [30/Mar/2017:06:39:33 +0000] "GET /orders/19 HTTP/1.1" 200 2118 "http://103.253.146.26/logout" "Mozilla/5.0 (Windows NT 10.0; Win64; x64) AppleWebKit/537.36 (KHTML, like Gecko) Chrome/57.0.2987.98 Safari/537.36"
103.42.216.8 - - [30/Mar/2017:06:53:44 +0000] "GET /api/v1/orders/ HTTP/1.1" 200 9179 "-" "Dalvik/2.1.0 (Linux; U; Android 5.0.2; Android SDK built for x86 Build/LSY66K)"
103.42.216.8 - - [30/Mar/2017:06:54:06 +0000] "GET /api/v1/orders/ HTTP/1.1" 200 9179 "-" "Dalvik/2.1.0 (Linux; U; Android 5.0.2; Android SDK built for x86 Build/LSY66K)"
2.233.133.184 - - [30/Mar/2017:06:56:37 +0000] "GET /notFound.action HTTP/1.1" 404 1564 "-" "Mozilla/5.0 (Macintosh; Intel Mac OS X 10_12_3) AppleWebKit/537.36 (KHTML, like Gecko) Chrome/56.0.2924.87 Safari/537.36"
2.233.133.184 - - [30/Mar/2017:06:56:38 +0000] "GET /login.action HTTP/1.1" 200 3186 "-" "Mozilla/5.0 (Macintosh; Intel Mac OS X 10_12_3) AppleWebKit/537.36 (KHTML, like Gecko) Chrome/56.0.2924.87 Safari/537.36"
103.42.216.8 - - [30/Mar/2017:07:00:38 +0000] "GET /logout HTTP/1.1" 200 1254 "http://103.253.146.26/orders/19" "Mozilla/5.0 (Windows NT 10.0; Win64; x64) AppleWebKit/537.36 (KHTML, like Gecko) Chrome/57.0.2987.98 Safari/537.36"
103.42.216.8 - - [30/Mar/2017:07:00:42 +0000] "POST /validate HTTP/1.1" 302 105 "http://103.253.146.26/logout" "Mozilla/5.0 (Windows NT 10.0; Win64; x64) AppleWebKit/537.36 (KHTML, like Gecko) Chrome/57.0.2987.98 Safari/537.36"
103.42.216.8 - - [30/Mar/2017:07:00:42 +0000] "GET /orders HTTP/1.1" 200 1772 "http://103.253.146.26/logout" "Mozilla/5.0 (Windows NT 10.0; Win64; x64) AppleWebKit/537.36 (KHTML, like Gecko) Chrome/57.0.2987.98 Safari/537.36"
103.42.216.8 - - [30/Mar/2017:07:00:44 +0000] "GET /staffs HTTP/1.1" 200 1369 "http://103.253.146.26/orders" "Mozilla/5.0 (Windows NT 10.0; Win64; x64) AppleWebKit/537.36 (KHTML, like Gecko) Chrome/57.0.2987.98 Safari/537.36"
103.42.216.8 - - [30/Mar/2017:07:00:46 +0000] "GET /departments HTTP/1.1" 200 1486 "http://103.253.146.26/staffs" "Mozilla/5.0 (Windows NT 10.0; Win64; x64) AppleWebKit/537.36 (KHTML, like Gecko) Chrome/57.0.2987.98 Safari/537.36"
103.42.216.8 - - [30/Mar/2017:07:00:48 +0000] "GET /products HTTP/1.1" 200 1561 "http://103.253.146.26/departments" "Mozilla/5.0 (Windows NT 10.0; Win64; x64) AppleWebKit/537.36 (KHTML, like Gecko) Chrome/57.0.2987.98 Safari/537.36"
103.42.216.8 - - [30/Mar/2017:07:00:49 +0000] "GET /orders HTTP/1.1" 200 1642 "http://103.253.146.26/products" "Mozilla/5.0 (Windows NT 10.0; Win64; x64) AppleWebKit/537.36 (KHTML, like Gecko) Chrome/57.0.2987.98 Safari/537.36"
103.42.216.8 - - [30/Mar/2017:07:00:50 +0000] "GET /staffs HTTP/1.1" 200 1369 "http://103.253.146.26/orders" "Mozilla/5.0 (Windows NT 10.0; Win64; x64) AppleWebKit/537.36 (KHTML, like Gecko) Chrome/57.0.2987.98 Safari/537.36"
103.42.216.8 - - [30/Mar/2017:07:00:50 +0000] "GET /customers HTTP/1.1" 200 1532 "http://103.253.146.26/staffs" "Mozilla/5.0 (Windows NT 10.0; Win64; x64) AppleWebKit/537.36 (KHTML, like Gecko) Chrome/57.0.2987.98 Safari/537.36"
103.42.216.8 - - [30/Mar/2017:07:00:52 +0000] "GET /dashboard HTTP/1.1" 200 1257 "http://103.253.146.26/customers" "Mozilla/5.0 (Windows NT 10.0; Win64; x64) AppleWebKit/537.36 (KHTML, like Gecko) Chrome/57.0.2987.98 Safari/537.36"
103.42.216.8 - - [30/Mar/2017:07:00:54 +0000] "GET /logout HTTP/1.1" 200 1254 "http://103.253.146.26/dashboard" "Mozilla/5.0 (Windows NT 10.0; Win64; x64) AppleWebKit/537.36 (KHTML, like Gecko) Chrome/57.0.2987.98 Safari/537.36"
103.42.216.8 - - [30/Mar/2017:07:00:57 +0000] "POST /validate HTTP/1.1" 302 105 "http://103.253.146.26/logout" "Mozilla/5.0 (Windows NT 10.0; Win64; x64) AppleWebKit/537.36 (KHTML, like Gecko) Chrome/57.0.2987.98 Safari/537.36"
103.42.216.8 - - [30/Mar/2017:07:00:57 +0000] "GET /orders HTTP/1.1" 200 1567 "http://103.253.146.26/logout" "Mozilla/5.0 (Windows NT 10.0; Win64; x64) AppleWebKit/537.36 (KHTML, like Gecko) Chrome/57.0.2987.98 Safari/537.36"
103.42.216.8 - - [30/Mar/2017:07:00:59 +0000] "GET /dashboard HTTP/1.1" 200 1171 "http://103.253.146.26/orders" "Mozilla/5.0 (Windows NT 10.0; Win64; x64) AppleWebKit/537.36 (KHTML, like Gecko) Chrome/57.0.2987.98 Safari/537.36"
103.42.216.8 - - [30/Mar/2017:07:01:01 +0000] "GET /orders/1 HTTP/1.1" 200 2213 "http://103.253.146.26/dashboard" "Mozilla/5.0 (Windows NT 10.0; Win64; x64) AppleWebKit/537.36 (KHTML, like Gecko) Chrome/57.0.2987.98 Safari/537.36"
103.42.216.8 - - [30/Mar/2017:07:03:41 +0000] "POST /api/v1/login/ HTTP/1.1" 200 287 "-" "Dalvik/2.1.0 (Linux; U; Android 5.0.2; Android SDK built for x86 Build/LSY66K)"
103.42.216.8 - - [30/Mar/2017:07:03:43 +0000] "GET /api/v1/orders/ HTTP/1.1" 200 514 "-" "Dalvik/2.1.0 (Linux; U; Android 5.0.2; Android SDK built for x86 Build/LSY66K)"
103.42.216.8 - - [30/Mar/2017:07:04:57 +0000] "POST /api/v1/orders/ HTTP/1.1" 200 25 "-" "Dalvik/2.1.0 (Linux; U; Android 5.0.2; Android SDK built for x86 Build/LSY66K)"
103.42.216.8 - - [30/Mar/2017:07:05:01 +0000] "GET /api/v1/orders/ HTTP/1.1" 200 1026 "-" "Dalvik/2.1.0 (Linux; U; Android 5.0.2; Android SDK built for x86 Build/LSY66K)"
103.42.216.8 - - [30/Mar/2017:07:11:30 +0000] "GET /api/v1/orders/ HTTP/1.1" 200 1026 "-" "Dalvik/2.1.0 (Linux; U; Android 5.0.2; Android SDK built for x86 Build/LSY66K)"
103.42.216.8 - - [30/Mar/2017:07:16:24 +0000] "GET /orders HTTP/1.1" 200 1518 "http://103.253.146.26/orders/1" "Mozilla/5.0 (Windows NT 10.0; Win64; x64) AppleWebKit/537.36 (KHTML, like Gecko) Chrome/57.0.2987.98 Safari/537.36"
103.42.216.8 - - [30/Mar/2017:07:16:26 +0000] "GET /dashboard HTTP/1.1" 200 1171 "http://103.253.146.26/orders" "Mozilla/5.0 (Windows NT 10.0; Win64; x64) AppleWebKit/537.36 (KHTML, like Gecko) Chrome/57.0.2987.98 Safari/537.36"
103.42.216.8 - - [30/Mar/2017:07:16:28 +0000] "GET /orders/1 HTTP/1.1" 200 2215 "http://103.253.146.26/dashboard" "Mozilla/5.0 (Windows NT 10.0; Win64; x64) AppleWebKit/537.36 (KHTML, like Gecko) Chrome/57.0.2987.98 Safari/537.36"
103.42.216.8 - - [30/Mar/2017:07:16:55 +0000] "GET / HTTP/1.1" 200 1257 "-" "Mozilla/5.0 (Windows NT 6.3; WOW64) AppleWebKit/537.36 (KHTML, like Gecko) Chrome/32.0.1700.102 Safari/537.36"
103.42.216.8 - - [30/Mar/2017:07:16:57 +0000] "GET /assets/application-2875f0e4607cc022b5d8048142ca3911adb3b7592bd682d223b12d7dac96b39c.css HTTP/1.1" 200 146867 "http://103.253.146.26/" "Mozilla/5.0 (Windows NT 6.3; WOW64) AppleWebKit/537.36 (KHTML, like Gecko) Chrome/32.0.1700.102 Safari/537.36"
103.42.216.8 - - [30/Mar/2017:07:16:57 +0000] "GET /assets/application-cb031875b7fb8fd8d16a012e01a99bfe56ad396f1e6dca6ec12305be0b6eaa18.js HTTP/1.1" 200 272796 "http://103.253.146.26/" "Mozilla/5.0 (Windows NT 6.3; WOW64) AppleWebKit/537.36 (KHTML, like Gecko) Chrome/32.0.1700.102 Safari/537.36"
103.42.216.8 - - [30/Mar/2017:07:17:09 +0000] "GET /favicon.ico HTTP/1.1" 200 0 "-" "Mozilla/5.0 (Windows NT 6.3; WOW64) AppleWebKit/537.36 (KHTML, like Gecko) Chrome/32.0.1700.102 Safari/537.36"
103.42.216.8 - - [30/Mar/2017:07:17:25 +0000] "POST /validate HTTP/1.1" 302 105 "http://103.253.146.26/" "Mozilla/5.0 (Windows NT 6.3; WOW64) AppleWebKit/537.36 (KHTML, like Gecko) Chrome/32.0.1700.102 Safari/537.36"
103.42.216.8 - - [30/Mar/2017:07:17:26 +0000] "GET /orders HTTP/1.1" 200 1645 "http://103.253.146.26/" "Mozilla/5.0 (Windows NT 6.3; WOW64) AppleWebKit/537.36 (KHTML, like Gecko) Chrome/32.0.1700.102 Safari/537.36"
103.42.216.8 - - [30/Mar/2017:07:17:26 +0000] "GET /assets/dataTables/sort_both-624f0a471a2535c4754e1f6974b0e64ee70d6907738346e2a11d0bff20258b8c.png HTTP/1.1" 200 1136 "http://103.253.146.26/orders" "Mozilla/5.0 (Windows NT 6.3; WOW64) AppleWebKit/537.36 (KHTML, like Gecko) Chrome/32.0.1700.102 Safari/537.36"
103.42.216.8 - - [30/Mar/2017:07:17:26 +0000] "GET /assets/dataTables/sort_asc-ee6010bb0a8d17e58307136a0fbf0b196d949ab6c50eb66d1ff8f0a7d2a4d48b.png HTTP/1.1" 200 1118 "http://103.253.146.26/orders" "Mozilla/5.0 (Windows NT 6.3; WOW64) AppleWebKit/537.36 (KHTML, like Gecko) Chrome/32.0.1700.102 Safari/537.36"
103.42.216.8 - - [30/Mar/2017:07:17:26 +0000] "GET /assets/bootstrap/glyphicons-halflings-regular-a26394f7ede100ca118eff2eda08596275a9839b959c226e15439557a5a80742.woff HTTP/1.1" 200 23424 "http://103.253.146.26/" "Mozilla/5.0 (Windows NT 6.3; WOW64) AppleWebKit/537.36 (KHTML, like Gecko) Chrome/32.0.1700.102 Safari/537.36"
103.42.216.8 - - [30/Mar/2017:07:17:40 +0000] "GET /orders HTTP/1.1" 200 1522 "http://103.253.146.26/orders" "Mozilla/5.0 (Windows NT 6.3; WOW64) AppleWebKit/537.36 (KHTML, like Gecko) Chrome/32.0.1700.102 Safari/537.36"
103.42.216.8 - - [30/Mar/2017:07:17:43 +0000] "GET /dashboard HTTP/1.1" 200 1168 "http://103.253.146.26/orders" "Mozilla/5.0 (Windows NT 6.3; WOW64) AppleWebKit/537.36 (KHTML, like Gecko) Chrome/32.0.1700.102 Safari/537.36"
103.42.216.8 - - [30/Mar/2017:07:18:07 +0000] "GET /orders/2 HTTP/1.1" 200 2213 "http://103.253.146.26/dashboard" "Mozilla/5.0 (Windows NT 6.3; WOW64) AppleWebKit/537.36 (KHTML, like Gecko) Chrome/32.0.1700.102 Safari/537.36"
103.42.216.8 - - [30/Mar/2017:07:31:20 +0000] "POST /api/v1/login/ HTTP/1.1" 200 287 "-" "Dalvik/2.1.0 (Linux; U; Android 5.0.2; Android SDK built for x86 Build/LSY66K)"
45.112.176.65 - - [30/Mar/2017:07:32:22 +0000] "POST /api/v1/login/ HTTP/1.1" 200 287 "-" "Dalvik/1.6.0 (Linux; U; Android 4.4.2; Lenovo X2-AP Build/KOT49H)"
37.111.14.44 - - [30/Mar/2017:07:39:02 +0000] "GET /orders/1 HTTP/1.1" 200 2247 "http://103.253.146.26/logout" "Mozilla/5.0 (Windows NT 10.0; Win64; x64) AppleWebKit/537.36 (KHTML, like Gecko) Chrome/57.0.2987.98 Safari/537.36"
37.111.14.44 - - [30/Mar/2017:07:39:16 +0000] "GET /orders HTTP/1.1" 200 1516 "http://103.253.146.26/orders/1" "Mozilla/5.0 (Windows NT 10.0; Win64; x64) AppleWebKit/537.36 (KHTML, like Gecko) Chrome/57.0.2987.98 Safari/537.36"
37.111.14.44 - - [30/Mar/2017:07:39:28 +0000] "GET / HTTP/1.1" 200 1254 "-" "Mozilla/5.0 (Windows NT 10.0; Win64; x64) AppleWebKit/537.36 (KHTML, like Gecko) Chrome/57.0.2987.98 Safari/537.36"
37.111.14.44 - - [30/Mar/2017:07:39:28 +0000] "GET /assets/application-2875f0e4607cc022b5d8048142ca3911adb3b7592bd682d223b12d7dac96b39c.css HTTP/1.1" 200 146867 "http://103.253.146.26/" "Mozilla/5.0 (Windows NT 10.0; Win64; x64) AppleWebKit/537.36 (KHTML, like Gecko) Chrome/57.0.2987.98 Safari/537.36"
37.111.14.44 - - [30/Mar/2017:07:39:28 +0000] "GET /assets/application-cb031875b7fb8fd8d16a012e01a99bfe56ad396f1e6dca6ec12305be0b6eaa18.js HTTP/1.1" 200 272796 "http://103.253.146.26/" "Mozilla/5.0 (Windows NT 10.0; Win64; x64) AppleWebKit/537.36 (KHTML, like Gecko) Chrome/57.0.2987.98 Safari/537.36"
37.111.14.44 - - [30/Mar/2017:07:39:34 +0000] "GET /favicon.ico HTTP/1.1" 200 0 "http://103.253.146.26/" "Mozilla/5.0 (Windows NT 10.0; Win64; x64) AppleWebKit/537.36 (KHTML, like Gecko) Chrome/57.0.2987.98 Safari/537.36"
37.111.14.44 - - [30/Mar/2017:07:39:37 +0000] "POST /validate HTTP/1.1" 302 105 "http://103.253.146.26/" "Mozilla/5.0 (Windows NT 10.0; Win64; x64) AppleWebKit/537.36 (KHTML, like Gecko) Chrome/57.0.2987.98 Safari/537.36"
37.111.14.44 - - [30/Mar/2017:07:39:38 +0000] "GET /orders HTTP/1.1" 200 1857 "http://103.253.146.26/" "Mozilla/5.0 (Windows NT 10.0; Win64; x64) AppleWebKit/537.36 (KHTML, like Gecko) Chrome/57.0.2987.98 Safari/537.36"
37.111.14.44 - - [30/Mar/2017:07:39:38 +0000] "GET /assets/dataTables/sort_both-624f0a471a2535c4754e1f6974b0e64ee70d6907738346e2a11d0bff20258b8c.png HTTP/1.1" 200 1136 "http://103.253.146.26/assets/application-2875f0e4607cc022b5d8048142ca3911adb3b7592bd682d223b12d7dac96b39c.css" "Mozilla/5.0 (Windows NT 10.0; Win64; x64) AppleWebKit/537.36 (KHTML, like Gecko) Chrome/57.0.2987.98 Safari/537.36"
37.111.14.44 - - [30/Mar/2017:07:39:38 +0000] "GET /assets/bootstrap/glyphicons-halflings-regular-fe185d11a49676890d47bb783312a0cda5a44c4039214094e7957b4c040ef11c.woff2 HTTP/1.1" 200 18028 "http://103.253.146.26/assets/application-2875f0e4607cc022b5d8048142ca3911adb3b7592bd682d223b12d7dac96b39c.css" "Mozilla/5.0 (Windows NT 10.0; Win64; x64) AppleWebKit/537.36 (KHTML, like Gecko) Chrome/57.0.2987.98 Safari/537.36"
37.111.14.44 - - [30/Mar/2017:07:39:38 +0000] "GET /assets/dataTables/sort_asc-ee6010bb0a8d17e58307136a0fbf0b196d949ab6c50eb66d1ff8f0a7d2a4d48b.png HTTP/1.1" 200 1118 "http://103.253.146.26/assets/application-2875f0e4607cc022b5d8048142ca3911adb3b7592bd682d223b12d7dac96b39c.css" "Mozilla/5.0 (Windows NT 10.0; Win64; x64) AppleWebKit/537.36 (KHTML, like Gecko) Chrome/57.0.2987.98 Safari/537.36"
37.111.14.44 - - [30/Mar/2017:07:39:41 +0000] "GET /customers HTTP/1.1" 200 1530 "http://103.253.146.26/orders" "Mozilla/5.0 (Windows NT 10.0; Win64; x64) AppleWebKit/537.36 (KHTML, like Gecko) Chrome/57.0.2987.98 Safari/537.36"
37.111.14.44 - - [30/Mar/2017:07:39:43 +0000] "GET /staffs HTTP/1.1" 200 1373 "http://103.253.146.26/customers" "Mozilla/5.0 (Windows NT 10.0; Win64; x64) AppleWebKit/537.36 (KHTML, like Gecko) Chrome/57.0.2987.98 Safari/537.36"
37.111.14.44 - - [30/Mar/2017:07:39:44 +0000] "GET /departments HTTP/1.1" 200 1486 "http://103.253.146.26/staffs" "Mozilla/5.0 (Windows NT 10.0; Win64; x64) AppleWebKit/537.36 (KHTML, like Gecko) Chrome/57.0.2987.98 Safari/537.36"
37.111.14.44 - - [30/Mar/2017:07:39:46 +0000] "GET /products HTTP/1.1" 200 1558 "http://103.253.146.26/departments" "Mozilla/5.0 (Windows NT 10.0; Win64; x64) AppleWebKit/537.36 (KHTML, like Gecko) Chrome/57.0.2987.98 Safari/537.36"
37.111.14.44 - - [30/Mar/2017:07:39:48 +0000] "GET /products/new HTTP/1.1" 200 1367 "http://103.253.146.26/products" "Mozilla/5.0 (Windows NT 10.0; Win64; x64) AppleWebKit/537.36 (KHTML, like Gecko) Chrome/57.0.2987.98 Safari/537.36"
37.111.14.44 - - [30/Mar/2017:07:39:50 +0000] "GET /customers HTTP/1.1" 200 1528 "http://103.253.146.26/products/new" "Mozilla/5.0 (Windows NT 10.0; Win64; x64) AppleWebKit/537.36 (KHTML, like Gecko) Chrome/57.0.2987.98 Safari/537.36"
37.111.14.44 - - [30/Mar/2017:07:39:51 +0000] "GET /customers/new HTTP/1.1" 200 1415 "http://103.253.146.26/customers" "Mozilla/5.0 (Windows NT 10.0; Win64; x64) AppleWebKit/537.36 (KHTML, like Gecko) Chrome/57.0.2987.98 Safari/537.36"
103.42.216.8 - - [30/Mar/2017:07:39:57 +0000] "GET /orders HTTP/1.1" 200 1521 "http://103.253.146.26/orders/2" "Mozilla/5.0 (Windows NT 6.3; WOW64) AppleWebKit/537.36 (KHTML, like Gecko) Chrome/32.0.1700.102 Safari/537.36"
103.42.216.8 - - [30/Mar/2017:07:39:59 +0000] "GET /orders/2 HTTP/1.1" 200 2240 "http://103.253.146.26/orders" "Mozilla/5.0 (Windows NT 6.3; WOW64) AppleWebKit/537.36 (KHTML, like Gecko) Chrome/32.0.1700.102 Safari/537.36"
103.42.216.8 - - [30/Mar/2017:07:40:06 +0000] "GET /orders HTTP/1.1" 200 1520 "http://103.253.146.26/orders/2" "Mozilla/5.0 (Windows NT 6.3; WOW64) AppleWebKit/537.36 (KHTML, like Gecko) Chrome/32.0.1700.102 Safari/537.36"
103.42.216.8 - - [30/Mar/2017:07:40:08 +0000] "GET /orders/1 HTTP/1.1" 200 2152 "http://103.253.146.26/orders" "Mozilla/5.0 (Windows NT 6.3; WOW64) AppleWebKit/537.36 (KHTML, like Gecko) Chrome/32.0.1700.102 Safari/537.36"
103.42.216.8 - - [30/Mar/2017:07:40:14 +0000] "GET /orders HTTP/1.1" 200 1519 "http://103.253.146.26/orders/1" "Mozilla/5.0 (Windows NT 6.3; WOW64) AppleWebKit/537.36 (KHTML, like Gecko) Chrome/32.0.1700.102 Safari/537.36"
103.42.216.8 - - [30/Mar/2017:07:40:18 +0000] "GET /orders/1 HTTP/1.1" 200 2146 "http://103.253.146.26/orders" "Mozilla/5.0 (Windows NT 6.3; WOW64) AppleWebKit/537.36 (KHTML, like Gecko) Chrome/32.0.1700.102 Safari/537.36"
103.42.216.8 - - [30/Mar/2017:07:40:21 +0000] "GET /orders HTTP/1.1" 502 1477 "http://103.253.146.26/orders/1" "Mozilla/5.0 (Windows NT 6.3; WOW64) AppleWebKit/537.36 (KHTML, like Gecko) Chrome/32.0.1700.102 Safari/537.36"
37.111.14.44 - - [30/Mar/2017:07:40:26 +0000] "GET /dashboard HTTP/1.1" 499 0 "http://103.253.146.26/orders" "Mozilla/5.0 (Windows NT 10.0; Win64; x64) AppleWebKit/537.36 (KHTML, like Gecko) Chrome/57.0.2987.98 Safari/537.36"
37.111.14.44 - - [30/Mar/2017:07:40:29 +0000] "GET /dashboard HTTP/1.1" 200 1170 "http://103.253.146.26/dashboard" "Mozilla/5.0 (Windows NT 10.0; Win64; x64) AppleWebKit/537.36 (KHTML, like Gecko) Chrome/57.0.2987.98 Safari/537.36"
103.42.216.8 - - [30/Mar/2017:07:40:29 +0000] "GET /orders/1 HTTP/1.1" 200 2161 "http://103.253.146.26/orders/1" "Mozilla/5.0 (Windows NT 6.3; WOW64) AppleWebKit/537.36 (KHTML, like Gecko) Chrome/32.0.1700.102 Safari/537.36"
103.42.216.8 - - [30/Mar/2017:07:40:29 +0000] "GET /assets/application-2875f0e4607cc022b5d8048142ca3911adb3b7592bd682d223b12d7dac96b39c.css HTTP/1.1" 304 0 "http://103.253.146.26/orders/1" "Mozilla/5.0 (Windows NT 6.3; WOW64) AppleWebKit/537.36 (KHTML, like Gecko) Chrome/32.0.1700.102 Safari/537.36"
103.42.216.8 - - [30/Mar/2017:07:40:29 +0000] "GET /assets/application-cb031875b7fb8fd8d16a012e01a99bfe56ad396f1e6dca6ec12305be0b6eaa18.js HTTP/1.1" 304 0 "http://103.253.146.26/orders/1" "Mozilla/5.0 (Windows NT 6.3; WOW64) AppleWebKit/537.36 (KHTML, like Gecko) Chrome/32.0.1700.102 Safari/537.36"
37.111.14.44 - - [30/Mar/2017:07:40:31 +0000] "GET /orders/1 HTTP/1.1" 200 2250 "http://103.253.146.26/dashboard" "Mozilla/5.0 (Windows NT 10.0; Win64; x64) AppleWebKit/537.36 (KHTML, like Gecko) Chrome/57.0.2987.98 Safari/537.36"
103.42.216.8 - - [30/Mar/2017:07:40:36 +0000] "GET /orders HTTP/1.1" 200 1523 "http://103.253.146.26/orders/1" "Mozilla/5.0 (Windows NT 6.3; WOW64) AppleWebKit/537.36 (KHTML, like Gecko) Chrome/32.0.1700.102 Safari/537.36"
103.42.216.8 - - [30/Mar/2017:07:40:37 +0000] "GET /assets/bootstrap/glyphicons-halflings-regular-a26394f7ede100ca118eff2eda08596275a9839b959c226e15439557a5a80742.woff HTTP/1.1" 304 0 "http://103.253.146.26/orders/1" "Mozilla/5.0 (Windows NT 6.3; WOW64) AppleWebKit/537.36 (KHTML, like Gecko) Chrome/32.0.1700.102 Safari/537.36"
103.42.216.8 - - [30/Mar/2017:07:40:41 +0000] "GET /orders/3 HTTP/1.1" 200 1954 "http://103.253.146.26/orders" "Mozilla/5.0 (Windows NT 6.3; WOW64) AppleWebKit/537.36 (KHTML, like Gecko) Chrome/32.0.1700.102 Safari/537.36"
103.42.216.8 - - [30/Mar/2017:07:40:52 +0000] "GET /orders HTTP/1.1" 200 1522 "http://103.253.146.26/orders/3" "Mozilla/5.0 (Windows NT 6.3; WOW64) AppleWebKit/537.36 (KHTML, like Gecko) Chrome/32.0.1700.102 Safari/537.36"
103.42.216.8 - - [30/Mar/2017:07:40:55 +0000] "GET /orders/4 HTTP/1.1" 200 1893 "http://103.253.146.26/orders" "Mozilla/5.0 (Windows NT 6.3; WOW64) AppleWebKit/537.36 (KHTML, like Gecko) Chrome/32.0.1700.102 Safari/537.36"
103.42.216.8 - - [30/Mar/2017:07:41:02 +0000] "GET /orders HTTP/1.1" 200 1518 "http://103.253.146.26/orders/4" "Mozilla/5.0 (Windows NT 6.3; WOW64) AppleWebKit/537.36 (KHTML, like Gecko) Chrome/32.0.1700.102 Safari/537.36"
103.42.216.8 - - [30/Mar/2017:07:41:06 +0000] "GET /orders/4 HTTP/1.1" 200 1896 "http://103.253.146.26/orders" "Mozilla/5.0 (Windows NT 6.3; WOW64) AppleWebKit/537.36 (KHTML, like Gecko) Chrome/32.0.1700.102 Safari/537.36"
37.111.14.44 - - [30/Mar/2017:07:41:06 +0000] "GET /orders HTTP/1.1" 200 1519 "http://103.253.146.26/orders/1" "Mozilla/5.0 (Windows NT 10.0; Win64; x64) AppleWebKit/537.36 (KHTML, like Gecko) Chrome/57.0.2987.98 Safari/537.36"
37.111.14.44 - - [30/Mar/2017:07:41:10 +0000] "GET /orders/5 HTTP/1.1" 200 1889 "http://103.253.146.26/orders" "Mozilla/5.0 (Windows NT 10.0; Win64; x64) AppleWebKit/537.36 (KHTML, like Gecko) Chrome/57.0.2987.98 Safari/537.36"
103.42.216.8 - - [30/Mar/2017:07:41:14 +0000] "GET /orders HTTP/1.1" 200 1519 "http://103.253.146.26/orders/4" "Mozilla/5.0 (Windows NT 6.3; WOW64) AppleWebKit/537.36 (KHTML, like Gecko) Chrome/32.0.1700.102 Safari/537.36"
103.42.216.8 - - [30/Mar/2017:07:41:19 +0000] "GET /orders/2 HTTP/1.1" 200 2246 "http://103.253.146.26/orders" "Mozilla/5.0 (Windows NT 6.3; WOW64) AppleWebKit/537.36 (KHTML, like Gecko) Chrome/32.0.1700.102 Safari/537.36"
37.111.14.44 - - [30/Mar/2017:07:41:22 +0000] "GET /orders/5 HTTP/1.1" 200 1890 "http://103.253.146.26/orders/5" "Mozilla/5.0 (Windows NT 10.0; Win64; x64) AppleWebKit/537.36 (KHTML, like Gecko) Chrome/57.0.2987.98 Safari/537.36"
103.42.216.8 - - [30/Mar/2017:07:41:24 +0000] "GET /orders HTTP/1.1" 200 1517 "http://103.253.146.26/orders/2" "Mozilla/5.0 (Windows NT 6.3; WOW64) AppleWebKit/537.36 (KHTML, like Gecko) Chrome/32.0.1700.102 Safari/537.36"
103.42.216.8 - - [30/Mar/2017:07:41:27 +0000] "GET /orders/5 HTTP/1.1" 200 1886 "http://103.253.146.26/orders" "Mozilla/5.0 (Windows NT 6.3; WOW64) AppleWebKit/537.36 (KHTML, like Gecko) Chrome/32.0.1700.102 Safari/537.36"
37.111.14.44 - - [30/Mar/2017:07:41:29 +0000] "GET /dashboard HTTP/1.1" 200 1172 "http://103.253.146.26/orders/5" "Mozilla/5.0 (Windows NT 10.0; Win64; x64) AppleWebKit/537.36 (KHTML, like Gecko) Chrome/57.0.2987.98 Safari/537.36"
37.111.14.44 - - [30/Mar/2017:07:41:31 +0000] "GET /orders/1 HTTP/1.1" 200 2253 "http://103.253.146.26/dashboard" "Mozilla/5.0 (Windows NT 10.0; Win64; x64) AppleWebKit/537.36 (KHTML, like Gecko) Chrome/57.0.2987.98 Safari/537.36"
103.42.216.8 - - [30/Mar/2017:07:41:41 +0000] "GET /orders HTTP/1.1" 200 1521 "http://103.253.146.26/orders/5" "Mozilla/5.0 (Windows NT 6.3; WOW64) AppleWebKit/537.36 (KHTML, like Gecko) Chrome/32.0.1700.102 Safari/537.36"
37.111.14.44 - - [30/Mar/2017:07:41:50 +0000] "POST /orders/1 HTTP/1.1" 302 107 "http://103.253.146.26/orders/1" "Mozilla/5.0 (Windows NT 10.0; Win64; x64) AppleWebKit/537.36 (KHTML, like Gecko) Chrome/57.0.2987.98 Safari/537.36"
37.111.14.44 - - [30/Mar/2017:07:41:50 +0000] "GET /orders/1 HTTP/1.1" 200 1924 "http://103.253.146.26/orders/1" "Mozilla/5.0 (Windows NT 10.0; Win64; x64) AppleWebKit/537.36 (KHTML, like Gecko) Chrome/57.0.2987.98 Safari/537.36"
103.42.216.8 - - [30/Mar/2017:07:41:52 +0000] "GET /orders/1 HTTP/1.1" 200 1923 "http://103.253.146.26/orders" "Mozilla/5.0 (Windows NT 6.3; WOW64) AppleWebKit/537.36 (KHTML, like Gecko) Chrome/32.0.1700.102 Safari/537.36"
37.111.14.44 - - [30/Mar/2017:07:41:55 +0000] "GET /orders HTTP/1.1" 200 1644 "http://103.253.146.26/orders/1" "Mozilla/5.0 (Windows NT 10.0; Win64; x64) AppleWebKit/537.36 (KHTML, like Gecko) Chrome/57.0.2987.98 Safari/537.36"
103.42.216.8 - - [30/Mar/2017:07:41:56 +0000] "GET /orders HTTP/1.1" 200 1529 "http://103.253.146.26/orders/1" "Mozilla/5.0 (Windows NT 6.3; WOW64) AppleWebKit/537.36 (KHTML, like Gecko) Chrome/32.0.1700.102 Safari/537.36"
37.111.14.44 - - [30/Mar/2017:07:41:58 +0000] "GET /orders HTTP/1.1" 200 1642 "http://103.253.146.26/orders" "Mozilla/5.0 (Windows NT 10.0; Win64; x64) AppleWebKit/537.36 (KHTML, like Gecko) Chrome/57.0.2987.98 Safari/537.36"
103.42.216.8 - - [30/Mar/2017:07:42:00 +0000] "GET /orders/2 HTTP/1.1" 200 2242 "http://103.253.146.26/orders" "Mozilla/5.0 (Windows NT 6.3; WOW64) AppleWebKit/537.36 (KHTML, like Gecko) Chrome/32.0.1700.102 Safari/537.36"
37.111.14.44 - - [30/Mar/2017:07:42:03 +0000] "GET /orders/1 HTTP/1.1" 200 1924 "http://103.253.146.26/orders" "Mozilla/5.0 (Windows NT 10.0; Win64; x64) AppleWebKit/537.36 (KHTML, like Gecko) Chrome/57.0.2987.98 Safari/537.36"
37.111.14.44 - - [30/Mar/2017:07:42:07 +0000] "GET /orders HTTP/1.1" 200 1526 "http://103.253.146.26/orders/1" "Mozilla/5.0 (Windows NT 10.0; Win64; x64) AppleWebKit/537.36 (KHTML, like Gecko) Chrome/57.0.2987.98 Safari/537.36"
103.42.216.8 - - [30/Mar/2017:07:42:11 +0000] "GET /orders HTTP/1.1" 200 1531 "http://103.253.146.26/orders/2" "Mozilla/5.0 (Windows NT 6.3; WOW64) AppleWebKit/537.36 (KHTML, like Gecko) Chrome/32.0.1700.102 Safari/537.36"
103.42.216.8 - - [30/Mar/2017:07:42:14 +0000] "GET /orders/1 HTTP/1.1" 200 1923 "http://103.253.146.26/orders" "Mozilla/5.0 (Windows NT 6.3; WOW64) AppleWebKit/537.36 (KHTML, like Gecko) Chrome/32.0.1700.102 Safari/537.36"
103.42.216.8 - - [30/Mar/2017:07:42:21 +0000] "GET /orders HTTP/1.1" 200 1533 "http://103.253.146.26/orders/1" "Mozilla/5.0 (Windows NT 6.3; WOW64) AppleWebKit/537.36 (KHTML, like Gecko) Chrome/32.0.1700.102 Safari/537.36"
103.42.216.8 - - [30/Mar/2017:07:42:23 +0000] "GET /orders/2 HTTP/1.1" 200 2245 "http://103.253.146.26/orders" "Mozilla/5.0 (Windows NT 6.3; WOW64) AppleWebKit/537.36 (KHTML, like Gecko) Chrome/32.0.1700.102 Safari/537.36"
103.42.216.8 - - [30/Mar/2017:07:42:33 +0000] "GET /orders HTTP/1.1" 200 1532 "http://103.253.146.26/orders/2" "Mozilla/5.0 (Windows NT 6.3; WOW64) AppleWebKit/537.36 (KHTML, like Gecko) Chrome/32.0.1700.102 Safari/537.36"
103.42.216.8 - - [30/Mar/2017:07:42:36 +0000] "GET /orders/1 HTTP/1.1" 200 1922 "http://103.253.146.26/orders" "Mozilla/5.0 (Windows NT 6.3; WOW64) AppleWebKit/537.36 (KHTML, like Gecko) Chrome/32.0.1700.102 Safari/537.36"
103.42.216.8 - - [30/Mar/2017:07:42:41 +0000] "GET /orders HTTP/1.1" 200 1531 "http://103.253.146.26/orders/1" "Mozilla/5.0 (Windows NT 6.3; WOW64) AppleWebKit/537.36 (KHTML, like Gecko) Chrome/32.0.1700.102 Safari/537.36"
103.42.216.8 - - [30/Mar/2017:07:42:43 +0000] "GET /orders/2 HTTP/1.1" 200 2245 "http://103.253.146.26/orders" "Mozilla/5.0 (Windows NT 6.3; WOW64) AppleWebKit/537.36 (KHTML, like Gecko) Chrome/32.0.1700.102 Safari/537.36"
103.42.216.8 - - [30/Mar/2017:07:45:29 +0000] "GET /orders HTTP/1.1" 200 1530 "http://103.253.146.26/orders/2" "Mozilla/5.0 (Windows NT 6.3; WOW64) AppleWebKit/537.36 (KHTML, like Gecko) Chrome/32.0.1700.102 Safari/537.36"
103.42.216.8 - - [30/Mar/2017:07:45:32 +0000] "GET /orders/2 HTTP/1.1" 200 2245 "http://103.253.146.26/orders" "Mozilla/5.0 (Windows NT 6.3; WOW64) AppleWebKit/537.36 (KHTML, like Gecko) Chrome/32.0.1700.102 Safari/537.36"
103.42.216.8 - - [30/Mar/2017:07:47:11 +0000] "GET /orders/2 HTTP/1.1" 200 2246 "http://103.253.146.26/orders/2" "Mozilla/5.0 (Windows NT 6.3; WOW64) AppleWebKit/537.36 (KHTML, like Gecko) Chrome/32.0.1700.102 Safari/537.36"
103.42.216.8 - - [30/Mar/2017:07:48:08 +0000] "GET /orders HTTP/1.1" 200 1530 "http://103.253.146.26/orders/2" "Mozilla/5.0 (Windows NT 6.3; WOW64) AppleWebKit/537.36 (KHTML, like Gecko) Chrome/32.0.1700.102 Safari/537.36"
103.42.216.8 - - [30/Mar/2017:07:48:25 +0000] "GET /orders/1 HTTP/1.1" 200 1924 "http://103.253.146.26/orders" "Mozilla/5.0 (Windows NT 6.3; WOW64) AppleWebKit/537.36 (KHTML, like Gecko) Chrome/32.0.1700.102 Safari/537.36"
103.42.216.8 - - [30/Mar/2017:07:48:31 +0000] "GET /orders HTTP/1.1" 200 1528 "http://103.253.146.26/orders/1" "Mozilla/5.0 (Windows NT 6.3; WOW64) AppleWebKit/537.36 (KHTML, like Gecko) Chrome/32.0.1700.102 Safari/537.36"
37.111.14.44 - - [30/Mar/2017:07:49:15 +0000] "GET /orders/1 HTTP/1.1" 200 1887 "http://103.253.146.26/orders" "Mozilla/5.0 (Windows NT 10.0; Win64; x64) AppleWebKit/537.36 (KHTML, like Gecko) Chrome/57.0.2987.98 Safari/537.36"
103.42.216.8 - - [30/Mar/2017:07:49:15 +0000] "GET /orders/3 HTTP/1.1" 200 1925 "http://103.253.146.26/orders" "Mozilla/5.0 (Windows NT 6.3; WOW64) AppleWebKit/537.36 (KHTML, like Gecko) Chrome/32.0.1700.102 Safari/537.36"
37.111.14.44 - - [30/Mar/2017:07:49:15 +0000] "GET /orders/2 HTTP/1.1" 200 2158 "http://103.253.146.26/orders" "Mozilla/5.0 (Windows NT 10.0; Win64; x64) AppleWebKit/537.36 (KHTML, like Gecko) Chrome/57.0.2987.98 Safari/537.36"
37.111.14.44 - - [30/Mar/2017:07:49:15 +0000] "GET /orders/4 HTTP/1.1" 200 1849 "http://103.253.146.26/orders" "Mozilla/5.0 (Windows NT 10.0; Win64; x64) AppleWebKit/537.36 (KHTML, like Gecko) Chrome/57.0.2987.98 Safari/537.36"
37.111.14.44 - - [30/Mar/2017:07:49:15 +0000] "GET /orders HTTP/1.1" 200 1525 "http://103.253.146.26/orders/1" "Mozilla/5.0 (Windows NT 10.0; Win64; x64) AppleWebKit/537.36 (KHTML, like Gecko) Chrome/57.0.2987.98 Safari/537.36"
37.111.14.44 - - [30/Mar/2017:07:49:15 +0000] "GET /orders/5 HTTP/1.1" 200 1852 "http://103.253.146.26/orders" "Mozilla/5.0 (Windows NT 10.0; Win64; x64) AppleWebKit/537.36 (KHTML, like Gecko) Chrome/57.0.2987.98 Safari/537.36"
37.111.14.44 - - [30/Mar/2017:07:49:16 +0000] "GET /favicon.ico HTTP/1.1" 200 0 "http://103.253.146.26/orders" "Mozilla/5.0 (Windows NT 10.0; Win64; x64) AppleWebKit/537.36 (KHTML, like Gecko) Chrome/57.0.2987.98 Safari/537.36"
103.42.216.8 - - [30/Mar/2017:07:49:27 +0000] "GET /orders HTTP/1.1" 200 1531 "http://103.253.146.26/orders/3" "Mozilla/5.0 (Windows NT 6.3; WOW64) AppleWebKit/537.36 (KHTML, like Gecko) Chrome/32.0.1700.102 Safari/537.36"
103.42.216.8 - - [30/Mar/2017:07:49:44 +0000] "GET /orders/4 HTTP/1.1" 200 1848 "http://103.253.146.26/orders" "Mozilla/5.0 (Windows NT 6.3; WOW64) AppleWebKit/537.36 (KHTML, like Gecko) Chrome/32.0.1700.102 Safari/537.36"
103.42.216.8 - - [30/Mar/2017:07:49:51 +0000] "GET /orders HTTP/1.1" 200 1530 "http://103.253.146.26/orders/4" "Mozilla/5.0 (Windows NT 6.3; WOW64) AppleWebKit/537.36 (KHTML, like Gecko) Chrome/32.0.1700.102 Safari/537.36"
