37.111.14.44 - - [30/Mar/2017:07:50:27 +0000] "GET /orders HTTP/1.1" 200 1528 "http://103.253.146.26/orders/2" "Mozilla/5.0 (Windows NT 10.0; Win64; x64) AppleWebKit/537.36 (KHTML, like Gecko) Chrome/57.0.2987.98 Safari/537.36"
37.111.14.44 - - [30/Mar/2017:07:50:27 +0000] "GET /orders HTTP/1.1" 200 1529 "http://103.253.146.26/orders" "Mozilla/5.0 (Windows NT 10.0; Win64; x64) AppleWebKit/537.36 (KHTML, like Gecko) Chrome/57.0.2987.98 Safari/537.36"
37.111.14.44 - - [30/Mar/2017:07:50:28 +0000] "GET /favicon.ico HTTP/1.1" 200 0 "http://103.253.146.26/orders" "Mozilla/5.0 (Windows NT 10.0; Win64; x64) AppleWebKit/537.36 (KHTML, like Gecko) Chrome/57.0.2987.98 Safari/537.36"
103.42.216.8 - - [30/Mar/2017:07:50:29 +0000] "GET /orders HTTP/1.1" 200 1528 "http://103.253.146.26/orders" "Mozilla/5.0 (Windows NT 6.3; WOW64) AppleWebKit/537.36 (KHTML, like Gecko) Chrome/32.0.1700.102 Safari/537.36"
103.42.216.8 - - [30/Mar/2017:07:50:32 +0000] "GET /orders HTTP/1.1" 200 1526 "http://103.253.146.26/orders" "Mozilla/5.0 (Windows NT 6.3; WOW64) AppleWebKit/537.36 (KHTML, like Gecko) Chrome/32.0.1700.102 Safari/537.36"
37.111.14.44 - - [30/Mar/2017:07:50:34 +0000] "GET /orders HTTP/1.1" 200 1524 "http://103.253.146.26/orders/1" "Mozilla/5.0 (Windows NT 10.0; Win64; x64) AppleWebKit/537.36 (KHTML, like Gecko) Chrome/57.0.2987.98 Safari/537.36"
37.111.14.44 - - [30/Mar/2017:07:50:37 +0000] "GET /orders/1 HTTP/1.1" 200 1887 "http://103.253.146.26/orders" "Mozilla/5.0 (Windows NT 10.0; Win64; x64) AppleWebKit/537.36 (KHTML, like Gecko) Chrome/57.0.2987.98 Safari/537.36"
103.42.216.8 - - [30/Mar/2017:07:50:37 +0000] "GET /orders HTTP/1.1" 200 1530 "http://103.253.146.26/orders" "Mozilla/5.0 (Windows NT 6.3; WOW64) AppleWebKit/537.36 (KHTML, like Gecko) Chrome/32.0.1700.102 Safari/537.36"
37.111.14.44 - - [30/Mar/2017:07:50:38 +0000] "GET /orders/2 HTTP/1.1" 200 2162 "http://103.253.146.26/orders" "Mozilla/5.0 (Windows NT 10.0; Win64; x64) AppleWebKit/537.36 (KHTML, like Gecko) Chrome/57.0.2987.98 Safari/537.36"
37.111.14.44 - - [30/Mar/2017:07:50:38 +0000] "GET /orders/3 HTTP/1.1" 200 1926 "http://103.253.146.26/orders" "Mozilla/5.0 (Windows NT 10.0; Win64; x64) AppleWebKit/537.36 (KHTML, like Gecko) Chrome/57.0.2987.98 Safari/537.36"
37.111.14.44 - - [30/Mar/2017:07:50:39 +0000] "GET /orders/5 HTTP/1.1" 200 1844 "http://103.253.146.26/orders" "Mozilla/5.0 (Windows NT 10.0; Win64; x64) AppleWebKit/537.36 (KHTML, like Gecko) Chrome/57.0.2987.98 Safari/537.36"
103.42.216.8 - - [30/Mar/2017:07:50:41 +0000] "GET /orders HTTP/1.1" 200 1531 "http://103.253.146.26/orders" "Mozilla/5.0 (Windows NT 6.3; WOW64) AppleWebKit/537.36 (KHTML, like Gecko) Chrome/32.0.1700.102 Safari/537.36"
103.42.216.8 - - [30/Mar/2017:07:50:44 +0000] "GET /orders HTTP/1.1" 200 1529 "http://103.253.146.26/orders" "Mozilla/5.0 (Windows NT 6.3; WOW64) AppleWebKit/537.36 (KHTML, like Gecko) Chrome/32.0.1700.102 Safari/537.36"
37.111.14.44 - - [30/Mar/2017:07:51:09 +0000] "GET /logout HTTP/1.1" 200 1255 "http://103.253.146.26/orders/2" "Mozilla/5.0 (Windows NT 10.0; Win64; x64) AppleWebKit/537.36 (KHTML, like Gecko) Chrome/57.0.2987.98 Safari/537.36"
37.111.14.44 - - [30/Mar/2017:07:51:14 +0000] "GET / HTTP/1.1" 200 1256 "-" "Mozilla/5.0 (Windows NT 10.0; Win64; x64) AppleWebKit/537.36 (KHTML, like Gecko) Chrome/57.0.2987.98 Safari/537.36"
37.111.14.44 - - [30/Mar/2017:07:51:19 +0000] "POST /validate HTTP/1.1" 302 105 "http://103.253.146.26/" "Mozilla/5.0 (Windows NT 10.0; Win64; x64) AppleWebKit/537.36 (KHTML, like Gecko) Chrome/57.0.2987.98 Safari/537.36"
37.111.14.44 - - [30/Mar/2017:07:51:19 +0000] "GET /orders HTTP/1.1" 200 1867 "http://103.253.146.26/" "Mozilla/5.0 (Windows NT 10.0; Win64; x64) AppleWebKit/537.36 (KHTML, like Gecko) Chrome/57.0.2987.98 Safari/537.36"
37.111.14.44 - - [30/Mar/2017:07:51:24 +0000] "GET /dashboard HTTP/1.1" 200 1294 "http://103.253.146.26/orders" "Mozilla/5.0 (Windows NT 10.0; Win64; x64) AppleWebKit/537.36 (KHTML, like Gecko) Chrome/57.0.2987.98 Safari/537.36"
37.111.14.44 - - [30/Mar/2017:07:51:28 +0000] "GET /orders/2 HTTP/1.1" 200 1951 "http://103.253.146.26/dashboard" "Mozilla/5.0 (Windows NT 10.0; Win64; x64) AppleWebKit/537.36 (KHTML, like Gecko) Chrome/57.0.2987.98 Safari/537.36"
37.111.14.44 - - [30/Mar/2017:07:51:29 +0000] "GET /orders/7 HTTP/1.1" 200 1923 "http://103.253.146.26/dashboard" "Mozilla/5.0 (Windows NT 10.0; Win64; x64) AppleWebKit/537.36 (KHTML, like Gecko) Chrome/57.0.2987.98 Safari/537.36"
37.111.14.44 - - [30/Mar/2017:07:51:31 +0000] "GET /staffs HTTP/1.1" 200 1367 "http://103.253.146.26/dashboard" "Mozilla/5.0 (Windows NT 10.0; Win64; x64) AppleWebKit/537.36 (KHTML, like Gecko) Chrome/57.0.2987.98 Safari/537.36"
37.111.14.44 - - [30/Mar/2017:07:51:46 +0000] "GET /logout HTTP/1.1" 200 1256 "http://103.253.146.26/staffs" "Mozilla/5.0 (Windows NT 10.0; Win64; x64) AppleWebKit/537.36 (KHTML, like Gecko) Chrome/57.0.2987.98 Safari/537.36"
37.111.14.44 - - [30/Mar/2017:07:51:49 +0000] "POST /validate HTTP/1.1" 302 105 "http://103.253.146.26/logout" "Mozilla/5.0 (Windows NT 10.0; Win64; x64) AppleWebKit/537.36 (KHTML, like Gecko) Chrome/57.0.2987.98 Safari/537.36"
37.111.14.44 - - [30/Mar/2017:07:51:49 +0000] "GET /orders HTTP/1.1" 200 1652 "http://103.253.146.26/logout" "Mozilla/5.0 (Windows NT 10.0; Win64; x64) AppleWebKit/537.36 (KHTML, like Gecko) Chrome/57.0.2987.98 Safari/537.36"
37.111.14.44 - - [30/Mar/2017:07:51:50 +0000] "GET /dashboard HTTP/1.1" 200 1171 "http://103.253.146.26/orders" "Mozilla/5.0 (Windows NT 10.0; Win64; x64) AppleWebKit/537.36 (KHTML, like Gecko) Chrome/57.0.2987.98 Safari/537.36"
37.111.14.44 - - [30/Mar/2017:07:51:57 +0000] "GET /orders HTTP/1.1" 200 1529 "http://103.253.146.26/dashboard" "Mozilla/5.0 (Windows NT 10.0; Win64; x64) AppleWebKit/537.36 (KHTML, like Gecko) Chrome/57.0.2987.98 Safari/537.36"
37.111.14.44 - - [30/Mar/2017:07:52:00 +0000] "GET /logout HTTP/1.1" 200 1256 "http://103.253.146.26/orders" "Mozilla/5.0 (Windows NT 10.0; Win64; x64) AppleWebKit/537.36 (KHTML, like Gecko) Chrome/57.0.2987.98 Safari/537.36"
37.111.14.44 - - [30/Mar/2017:07:52:03 +0000] "POST /validate HTTP/1.1" 302 105 "http://103.253.146.26/logout" "Mozilla/5.0 (Windows NT 10.0; Win64; x64) AppleWebKit/537.36 (KHTML, like Gecko) Chrome/57.0.2987.98 Safari/537.36"
37.111.14.44 - - [30/Mar/2017:07:52:03 +0000] "GET /orders HTTP/1.1" 200 1865 "http://103.253.146.26/logout" "Mozilla/5.0 (Windows NT 10.0; Win64; x64) AppleWebKit/537.36 (KHTML, like Gecko) Chrome/57.0.2987.98 Safari/537.36"
37.111.14.44 - - [30/Mar/2017:07:52:08 +0000] "GET /dashboard HTTP/1.1" 200 1295 "http://103.253.146.26/orders" "Mozilla/5.0 (Windows NT 10.0; Win64; x64) AppleWebKit/537.36 (KHTML, like Gecko) Chrome/57.0.2987.98 Safari/537.36"
37.111.14.44 - - [30/Mar/2017:07:52:13 +0000] "GET /staffs HTTP/1.1" 200 1370 "http://103.253.146.26/dashboard" "Mozilla/5.0 (Windows NT 10.0; Win64; x64) AppleWebKit/537.36 (KHTML, like Gecko) Chrome/57.0.2987.98 Safari/537.36"
37.111.14.44 - - [30/Mar/2017:07:52:16 +0000] "GET /logout HTTP/1.1" 200 1258 "http://103.253.146.26/staffs" "Mozilla/5.0 (Windows NT 10.0; Win64; x64) AppleWebKit/537.36 (KHTML, like Gecko) Chrome/57.0.2987.98 Safari/537.36"
37.111.14.44 - - [30/Mar/2017:07:52:23 +0000] "POST /validate HTTP/1.1" 302 105 "http://103.253.146.26/logout" "Mozilla/5.0 (Windows NT 10.0; Win64; x64) AppleWebKit/537.36 (KHTML, like Gecko) Chrome/57.0.2987.98 Safari/537.36"
37.111.14.44 - - [30/Mar/2017:07:52:23 +0000] "GET /orders HTTP/1.1" 200 1657 "http://103.253.146.26/logout" "Mozilla/5.0 (Windows NT 10.0; Win64; x64) AppleWebKit/537.36 (KHTML, like Gecko) Chrome/57.0.2987.98 Safari/537.36"
103.42.216.8 - - [30/Mar/2017:07:52:49 +0000] "GET /orders/7 HTTP/1.1" 200 2112 "http://103.253.146.26/orders" "Mozilla/5.0 (Windows NT 6.3; WOW64) AppleWebKit/537.36 (KHTML, like Gecko) Chrome/32.0.1700.102 Safari/537.36"
103.42.216.8 - - [30/Mar/2017:07:52:57 +0000] "GET /orders HTTP/1.1" 200 1530 "http://103.253.146.26/orders/7" "Mozilla/5.0 (Windows NT 6.3; WOW64) AppleWebKit/537.36 (KHTML, like Gecko) Chrome/32.0.1700.102 Safari/537.36"
37.111.14.44 - - [30/Mar/2017:07:52:58 +0000] "GET /orders/2 HTTP/1.1" 200 2164 "http://103.253.146.26/orders" "Mozilla/5.0 (Windows NT 10.0; Win64; x64) AppleWebKit/537.36 (KHTML, like Gecko) Chrome/57.0.2987.98 Safari/537.36"
37.111.14.44 - - [30/Mar/2017:07:52:58 +0000] "GET /dashboard HTTP/1.1" 200 1195 "http://103.253.146.26/orders" "Mozilla/5.0 (Windows NT 10.0; Win64; x64) AppleWebKit/537.36 (KHTML, like Gecko) Chrome/57.0.2987.98 Safari/537.36"
103.42.216.8 - - [30/Mar/2017:07:53:19 +0000] "GET /orders/7 HTTP/1.1" 200 2109 "http://103.253.146.26/orders" "Mozilla/5.0 (Windows NT 6.3; WOW64) AppleWebKit/537.36 (KHTML, like Gecko) Chrome/32.0.1700.102 Safari/537.36"
37.111.14.44 - - [30/Mar/2017:07:53:21 +0000] "GET /orders/7 HTTP/1.1" 200 2211 "http://103.253.146.26/dashboard" "Mozilla/5.0 (Windows NT 10.0; Win64; x64) AppleWebKit/537.36 (KHTML, like Gecko) Chrome/57.0.2987.98 Safari/537.36"
103.42.216.8 - - [30/Mar/2017:07:53:23 +0000] "GET /orders HTTP/1.1" 200 1529 "http://103.253.146.26/orders/7" "Mozilla/5.0 (Windows NT 6.3; WOW64) AppleWebKit/537.36 (KHTML, like Gecko) Chrome/32.0.1700.102 Safari/537.36"
103.42.216.8 - - [30/Mar/2017:07:53:25 +0000] "GET /dashboard HTTP/1.1" 200 1167 "http://103.253.146.26/orders" "Mozilla/5.0 (Windows NT 6.3; WOW64) AppleWebKit/537.36 (KHTML, like Gecko) Chrome/32.0.1700.102 Safari/537.36"
103.42.216.8 - - [30/Mar/2017:07:53:34 +0000] "GET /orders/2 HTTP/1.1" 200 2253 "http://103.253.146.26/dashboard" "Mozilla/5.0 (Windows NT 6.3; WOW64) AppleWebKit/537.36 (KHTML, like Gecko) Chrome/32.0.1700.102 Safari/537.36"
103.42.216.8 - - [30/Mar/2017:07:53:43 +0000] "GET /orders HTTP/1.1" 200 1527 "http://103.253.146.26/orders/2" "Mozilla/5.0 (Windows NT 6.3; WOW64) AppleWebKit/537.36 (KHTML, like Gecko) Chrome/32.0.1700.102 Safari/537.36"
37.111.14.44 - - [30/Mar/2017:07:53:46 +0000] "GET /orders/7 HTTP/1.1" 200 2212 "http://103.253.146.26/dashboard" "Mozilla/5.0 (Windows NT 10.0; Win64; x64) AppleWebKit/537.36 (KHTML, like Gecko) Chrome/57.0.2987.98 Safari/537.36"
37.111.14.44 - - [30/Mar/2017:07:53:52 +0000] "GET /dashboard HTTP/1.1" 200 1193 "http://103.253.146.26/orders/7" "Mozilla/5.0 (Windows NT 10.0; Win64; x64) AppleWebKit/537.36 (KHTML, like Gecko) Chrome/57.0.2987.98 Safari/537.36"
37.111.14.44 - - [30/Mar/2017:07:53:55 +0000] "GET /orders/2 HTTP/1.1" 200 2159 "http://103.253.146.26/orders" "Mozilla/5.0 (Windows NT 10.0; Win64; x64) AppleWebKit/537.36 (KHTML, like Gecko) Chrome/57.0.2987.98 Safari/537.36"
37.111.14.44 - - [30/Mar/2017:07:53:55 +0000] "GET /favicon.ico HTTP/1.1" 200 0 "http://103.253.146.26/orders/2" "Mozilla/5.0 (Windows NT 10.0; Win64; x64) AppleWebKit/537.36 (KHTML, like Gecko) Chrome/57.0.2987.98 Safari/537.36"
103.42.216.8 - - [30/Mar/2017:07:54:11 +0000] "GET /orders/7 HTTP/1.1" 200 2114 "http://103.253.146.26/orders" "Mozilla/5.0 (Windows NT 6.3; WOW64) AppleWebKit/537.36 (KHTML, like Gecko) Chrome/32.0.1700.102 Safari/537.36"
103.42.216.8 - - [30/Mar/2017:07:54:12 +0000] "GET /orders HTTP/1.1" 200 1533 "http://103.253.146.26/orders/7" "Mozilla/5.0 (Windows NT 6.3; WOW64) AppleWebKit/537.36 (KHTML, like Gecko) Chrome/32.0.1700.102 Safari/537.36"
103.42.216.8 - - [30/Mar/2017:07:54:41 +0000] "GET /orders/7 HTTP/1.1" 200 2112 "http://103.253.146.26/orders" "Mozilla/5.0 (Windows NT 6.3; WOW64) AppleWebKit/537.36 (KHTML, like Gecko) Chrome/32.0.1700.102 Safari/537.36"
74.50.213.205 - - [30/Mar/2017:07:54:49 +0000] "POST /api/v1/login/ HTTP/1.1" 200 287 "-" "Dalvik/2.1.0 (Linux; U; Android 6.0.1; Redmi Note 3 MIUI/V8.2.1.0.MHOCNDL)"
103.42.216.8 - - [30/Mar/2017:07:54:53 +0000] "GET /orders HTTP/1.1" 200 1530 "http://103.253.146.26/orders/7" "Mozilla/5.0 (Windows NT 6.3; WOW64) AppleWebKit/537.36 (KHTML, like Gecko) Chrome/32.0.1700.102 Safari/537.36"
37.111.0.180 - - [30/Mar/2017:07:55:16 +0000] "POST /api/v1/login/ HTTP/1.1" 200 287 "-" "Dalvik/2.1.0 (Linux; U; Android 6.0.1; MI MAX MIUI/V8.1.1.0.MBCCNDI)"
103.42.216.8 - - [30/Mar/2017:07:55:32 +0000] "GET / HTTP/1.1" 302 105 "-" "Mozilla/5.0 (Windows NT 6.3; WOW64) AppleWebKit/537.36 (KHTML, like Gecko) Chrome/32.0.1700.102 Safari/537.36"
103.42.216.8 - - [30/Mar/2017:07:55:32 +0000] "GET /orders HTTP/1.1" 200 1527 "-" "Mozilla/5.0 (Windows NT 6.3; WOW64) AppleWebKit/537.36 (KHTML, like Gecko) Chrome/32.0.1700.102 Safari/537.36"
103.42.216.8 - - [30/Mar/2017:07:55:37 +0000] "GET /logout HTTP/1.1" 200 1257 "http://103.253.146.26/orders" "Mozilla/5.0 (Windows NT 6.3; WOW64) AppleWebKit/537.36 (KHTML, like Gecko) Chrome/32.0.1700.102 Safari/537.36"
103.42.216.8 - - [30/Mar/2017:07:56:02 +0000] "POST /validate HTTP/1.1" 302 105 "http://103.253.146.26/logout" "Mozilla/5.0 (Windows NT 6.3; WOW64) AppleWebKit/537.36 (KHTML, like Gecko) Chrome/32.0.1700.102 Safari/537.36"
103.42.216.8 - - [30/Mar/2017:07:56:03 +0000] "GET /orders HTTP/1.1" 200 1652 "http://103.253.146.26/logout" "Mozilla/5.0 (Windows NT 6.3; WOW64) AppleWebKit/537.36 (KHTML, like Gecko) Chrome/32.0.1700.102 Safari/537.36"
103.42.216.8 - - [30/Mar/2017:07:56:08 +0000] "GET /orders/2 HTTP/1.1" 200 2163 "http://103.253.146.26/orders" "Mozilla/5.0 (Windows NT 6.3; WOW64) AppleWebKit/537.36 (KHTML, like Gecko) Chrome/32.0.1700.102 Safari/537.36"
103.42.216.8 - - [30/Mar/2017:07:56:12 +0000] "GET /orders HTTP/1.1" 200 1531 "http://103.253.146.26/orders/2" "Mozilla/5.0 (Windows NT 6.3; WOW64) AppleWebKit/537.36 (KHTML, like Gecko) Chrome/32.0.1700.102 Safari/537.36"
103.42.216.8 - - [30/Mar/2017:07:56:17 +0000] "GET /orders/1 HTTP/1.1" 200 1894 "http://103.253.146.26/orders" "Mozilla/5.0 (Windows NT 6.3; WOW64) AppleWebKit/537.36 (KHTML, like Gecko) Chrome/32.0.1700.102 Safari/537.36"
103.42.216.8 - - [30/Mar/2017:07:56:22 +0000] "GET /orders HTTP/1.1" 200 1529 "http://103.253.146.26/orders/1" "Mozilla/5.0 (Windows NT 6.3; WOW64) AppleWebKit/537.36 (KHTML, like Gecko) Chrome/32.0.1700.102 Safari/537.36"
103.42.216.8 - - [30/Mar/2017:07:56:25 +0000] "GET /orders/3 HTTP/1.1" 200 1936 "http://103.253.146.26/orders" "Mozilla/5.0 (Windows NT 6.3; WOW64) AppleWebKit/537.36 (KHTML, like Gecko) Chrome/32.0.1700.102 Safari/537.36"
103.42.216.8 - - [30/Mar/2017:07:56:28 +0000] "GET /orders HTTP/1.1" 200 1526 "http://103.253.146.26/orders/3" "Mozilla/5.0 (Windows NT 6.3; WOW64) AppleWebKit/537.36 (KHTML, like Gecko) Chrome/32.0.1700.102 Safari/537.36"
103.42.216.8 - - [30/Mar/2017:07:56:31 +0000] "GET /orders/7 HTTP/1.1" 200 2113 "http://103.253.146.26/orders" "Mozilla/5.0 (Windows NT 6.3; WOW64) AppleWebKit/537.36 (KHTML, like Gecko) Chrome/32.0.1700.102 Safari/537.36"
103.42.216.8 - - [30/Mar/2017:07:56:49 +0000] "GET /orders/7 HTTP/1.1" 200 2111 "http://103.253.146.26/orders" "Mozilla/5.0 (Windows NT 6.3; WOW64) AppleWebKit/537.36 (KHTML, like Gecko) Chrome/32.0.1700.102 Safari/537.36"
103.42.216.8 - - [30/Mar/2017:07:57:09 +0000] "GET /orders HTTP/1.1" 200 1527 "http://103.253.146.26/orders/7" "Mozilla/5.0 (Windows NT 6.3; WOW64) AppleWebKit/537.36 (KHTML, like Gecko) Chrome/32.0.1700.102 Safari/537.36"
103.42.216.8 - - [30/Mar/2017:07:58:03 +0000] "GET /orders/2 HTTP/1.1" 502 1477 "http://103.253.146.26/orders" "Mozilla/5.0 (Windows NT 10.0; Win64; x64) AppleWebKit/537.36 (KHTML, like Gecko) Chrome/57.0.2987.98 Safari/537.36"
103.42.216.8 - - [30/Mar/2017:07:58:04 +0000] "GET /favicon.ico HTTP/1.1" 200 0 "http://103.253.146.26/orders/2" "Mozilla/5.0 (Windows NT 10.0; Win64; x64) AppleWebKit/537.36 (KHTML, like Gecko) Chrome/57.0.2987.98 Safari/537.36"
103.42.216.8 - - [30/Mar/2017:07:58:14 +0000] "GET /dashboard HTTP/1.1" 200 1190 "http://103.253.146.26/logout" "Mozilla/5.0 (Windows NT 10.0; Win64; x64) AppleWebKit/537.36 (KHTML, like Gecko) Chrome/57.0.2987.98 Safari/537.36"
103.42.216.8 - - [30/Mar/2017:07:58:15 +0000] "GET /favicon.ico HTTP/1.1" 200 0 "http://103.253.146.26/dashboard" "Mozilla/5.0 (Windows NT 10.0; Win64; x64) AppleWebKit/537.36 (KHTML, like Gecko) Chrome/57.0.2987.98 Safari/537.36"
103.42.216.8 - - [30/Mar/2017:07:58:17 +0000] "GET /orders/2 HTTP/1.1" 200 2090 "http://103.253.146.26/orders" "Mozilla/5.0 (Windows NT 10.0; Win64; x64) AppleWebKit/537.36 (KHTML, like Gecko) Chrome/57.0.2987.98 Safari/537.36"
103.42.216.8 - - [30/Mar/2017:07:58:17 +0000] "GET /favicon.ico HTTP/1.1" 200 0 "http://103.253.146.26/orders/2" "Mozilla/5.0 (Windows NT 10.0; Win64; x64) AppleWebKit/537.36 (KHTML, like Gecko) Chrome/57.0.2987.98 Safari/537.36"
103.42.216.8 - - [30/Mar/2017:07:58:17 +0000] "GET /orders/7 HTTP/1.1" 200 2214 "http://103.253.146.26/dashboard" "Mozilla/5.0 (Windows NT 10.0; Win64; x64) AppleWebKit/537.36 (KHTML, like Gecko) Chrome/57.0.2987.98 Safari/537.36"
103.42.216.8 - - [30/Mar/2017:07:58:17 +0000] "GET /favicon.ico HTTP/1.1" 200 0 "http://103.253.146.26/orders/7" "Mozilla/5.0 (Windows NT 10.0; Win64; x64) AppleWebKit/537.36 (KHTML, like Gecko) Chrome/57.0.2987.98 Safari/537.36"
103.42.216.8 - - [30/Mar/2017:08:00:17 +0000] "GET /orders/2 HTTP/1.1" 200 1892 "http://103.253.146.26/orders" "Mozilla/5.0 (Windows NT 10.0; Win64; x64) AppleWebKit/537.36 (KHTML, like Gecko) Chrome/57.0.2987.98 Safari/537.36"
103.42.216.8 - - [30/Mar/2017:08:00:18 +0000] "GET /orders/7 HTTP/1.1" 200 2214 "http://103.253.146.26/dashboard" "Mozilla/5.0 (Windows NT 10.0; Win64; x64) AppleWebKit/537.36 (KHTML, like Gecko) Chrome/57.0.2987.98 Safari/537.36"
103.42.216.8 - - [30/Mar/2017:08:00:18 +0000] "GET /favicon.ico HTTP/1.1" 200 0 "http://103.253.146.26/orders/7" "Mozilla/5.0 (Windows NT 10.0; Win64; x64) AppleWebKit/537.36 (KHTML, like Gecko) Chrome/57.0.2987.98 Safari/537.36"
103.42.216.8 - - [30/Mar/2017:08:00:25 +0000] "GET /orders/7 HTTP/1.1" 200 2213 "http://103.253.146.26/dashboard" "Mozilla/5.0 (Windows NT 10.0; Win64; x64) AppleWebKit/537.36 (KHTML, like Gecko) Chrome/57.0.2987.98 Safari/537.36"
103.42.216.8 - - [30/Mar/2017:08:00:34 +0000] "GET /orders HTTP/1.1" 200 1531 "http://103.253.146.26/orders/7" "Mozilla/5.0 (Windows NT 10.0; Win64; x64) AppleWebKit/537.36 (KHTML, like Gecko) Chrome/57.0.2987.98 Safari/537.36"
103.42.216.8 - - [30/Mar/2017:08:00:42 +0000] "GET /dashboard HTTP/1.1" 200 1195 "http://103.253.146.26/orders" "Mozilla/5.0 (Windows NT 10.0; Win64; x64) AppleWebKit/537.36 (KHTML, like Gecko) Chrome/57.0.2987.98 Safari/537.36"
103.42.216.8 - - [30/Mar/2017:08:00:54 +0000] "GET /orders/7 HTTP/1.1" 200 2216 "http://103.253.146.26/dashboard" "Mozilla/5.0 (Windows NT 10.0; Win64; x64) AppleWebKit/537.36 (KHTML, like Gecko) Chrome/57.0.2987.98 Safari/537.36"
103.42.216.8 - - [30/Mar/2017:08:01:25 +0000] "POST /orders/7 HTTP/1.1" 302 107 "http://103.253.146.26/orders/7" "Mozilla/5.0 (Windows NT 10.0; Win64; x64) AppleWebKit/537.36 (KHTML, like Gecko) Chrome/57.0.2987.98 Safari/537.36"
103.42.216.8 - - [30/Mar/2017:08:01:25 +0000] "GET /orders/7 HTTP/1.1" 200 1877 "http://103.253.146.26/orders/7" "Mozilla/5.0 (Windows NT 10.0; Win64; x64) AppleWebKit/537.36 (KHTML, like Gecko) Chrome/57.0.2987.98 Safari/537.36"
103.42.216.8 - - [30/Mar/2017:08:01:46 +0000] "GET /orders/2 HTTP/1.1" 200 1891 "http://103.253.146.26/orders" "Mozilla/5.0 (Windows NT 6.3; WOW64) AppleWebKit/537.36 (KHTML, like Gecko) Chrome/32.0.1700.102 Safari/537.36"
103.42.216.8 - - [30/Mar/2017:08:03:07 +0000] "GET /logout HTTP/1.1" 200 1385 "http://103.253.146.26/orders/7" "Mozilla/5.0 (Windows NT 10.0; Win64; x64) AppleWebKit/537.36 (KHTML, like Gecko) Chrome/57.0.2987.98 Safari/537.36"
103.42.216.8 - - [30/Mar/2017:08:03:10 +0000] "POST /validate HTTP/1.1" 302 105 "http://103.253.146.26/logout" "Mozilla/5.0 (Windows NT 10.0; Win64; x64) AppleWebKit/537.36 (KHTML, like Gecko) Chrome/57.0.2987.98 Safari/537.36"
103.42.216.8 - - [30/Mar/2017:08:03:10 +0000] "GET /orders HTTP/1.1" 200 1659 "http://103.253.146.26/logout" "Mozilla/5.0 (Windows NT 10.0; Win64; x64) AppleWebKit/537.36 (KHTML, like Gecko) Chrome/57.0.2987.98 Safari/537.36"
103.42.216.8 - - [30/Mar/2017:08:03:12 +0000] "GET /dashboard HTTP/1.1" 200 1171 "http://103.253.146.26/orders" "Mozilla/5.0 (Windows NT 10.0; Win64; x64) AppleWebKit/537.36 (KHTML, like Gecko) Chrome/57.0.2987.98 Safari/537.36"
103.42.216.8 - - [30/Mar/2017:08:03:14 +0000] "GET /orders/2 HTTP/1.1" 200 2261 "http://103.253.146.26/dashboard" "Mozilla/5.0 (Windows NT 10.0; Win64; x64) AppleWebKit/537.36 (KHTML, like Gecko) Chrome/57.0.2987.98 Safari/537.36"
103.42.216.8 - - [30/Mar/2017:08:03:15 +0000] "GET /orders HTTP/1.1" 200 1528 "http://103.253.146.26/orders/7" "Mozilla/5.0 (Windows NT 6.3; WOW64) AppleWebKit/537.36 (KHTML, like Gecko) Chrome/32.0.1700.102 Safari/537.36"
103.42.216.8 - - [30/Mar/2017:08:03:20 +0000] "GET /orders/2 HTTP/1.1" 200 1899 "http://103.253.146.26/orders" "Mozilla/5.0 (Windows NT 6.3; WOW64) AppleWebKit/537.36 (KHTML, like Gecko) Chrome/32.0.1700.102 Safari/537.36"
103.42.216.8 - - [30/Mar/2017:08:03:33 +0000] "POST /orders/2 HTTP/1.1" 302 107 "http://103.253.146.26/orders/2" "Mozilla/5.0 (Windows NT 10.0; Win64; x64) AppleWebKit/537.36 (KHTML, like Gecko) Chrome/57.0.2987.98 Safari/537.36"
103.42.216.8 - - [30/Mar/2017:08:03:33 +0000] "GET /orders/2 HTTP/1.1" 200 1886 "http://103.253.146.26/orders/2" "Mozilla/5.0 (Windows NT 10.0; Win64; x64) AppleWebKit/537.36 (KHTML, like Gecko) Chrome/57.0.2987.98 Safari/537.36"
103.42.216.8 - - [30/Mar/2017:08:03:39 +0000] "GET /orders HTTP/1.1" 200 1648 "http://103.253.146.26/orders/2" "Mozilla/5.0 (Windows NT 10.0; Win64; x64) AppleWebKit/537.36 (KHTML, like Gecko) Chrome/57.0.2987.98 Safari/537.36"
74.50.213.205 - - [30/Mar/2017:08:03:46 +0000] "GET /api/v1/orders/ HTTP/1.1" 200 1036 "-" "Dalvik/2.1.0 (Linux; U; Android 6.0.1; Redmi Note 3 MIUI/V8.2.1.0.MHOCNDL)"
103.42.216.8 - - [30/Mar/2017:08:04:20 +0000] "GET /orders HTTP/1.1" 200 1525 "http://103.253.146.26/orders/2" "Mozilla/5.0 (Windows NT 6.3; WOW64) AppleWebKit/537.36 (KHTML, like Gecko) Chrome/32.0.1700.102 Safari/537.36"
103.42.216.8 - - [30/Mar/2017:08:04:25 +0000] "POST /api/v1/orders HTTP/1.1" 401 25 "-" "Mozilla/5.0 (Windows NT 10.0; Win64; x64) AppleWebKit/537.36 (KHTML, like Gecko) Chrome/57.0.2987.98 Safari/537.36"
103.42.216.8 - - [30/Mar/2017:08:04:27 +0000] "POST /api/v1/orders HTTP/1.1" 401 25 "-" "Mozilla/5.0 (Windows NT 10.0; Win64; x64) AppleWebKit/537.36 (KHTML, like Gecko) Chrome/57.0.2987.98 Safari/537.36"
103.42.216.8 - - [30/Mar/2017:08:04:30 +0000] "GET /logout HTTP/1.1" 200 1253 "http://103.253.146.26/orders" "Mozilla/5.0 (Windows NT 10.0; Win64; x64) AppleWebKit/537.36 (KHTML, like Gecko) Chrome/57.0.2987.98 Safari/537.36"
103.42.216.8 - - [30/Mar/2017:08:04:34 +0000] "POST /validate HTTP/1.1" 302 105 "http://103.253.146.26/logout" "Mozilla/5.0 (Windows NT 10.0; Win64; x64) AppleWebKit/537.36 (KHTML, like Gecko) Chrome/57.0.2987.98 Safari/537.36"
103.42.216.8 - - [30/Mar/2017:08:04:35 +0000] "GET /orders HTTP/1.1" 200 1649 "http://103.253.146.26/logout" "Mozilla/5.0 (Windows NT 10.0; Win64; x64) AppleWebKit/537.36 (KHTML, like Gecko) Chrome/57.0.2987.98 Safari/537.36"
103.42.216.8 - - [30/Mar/2017:08:04:38 +0000] "GET /logout HTTP/1.1" 200 1257 "http://103.253.146.26/orders" "Mozilla/5.0 (Windows NT 10.0; Win64; x64) AppleWebKit/537.36 (KHTML, like Gecko) Chrome/57.0.2987.98 Safari/537.36"
103.42.216.8 - - [30/Mar/2017:08:04:39 +0000] "GET /orders/2 HTTP/1.1" 200 1894 "http://103.253.146.26/orders" "Mozilla/5.0 (Windows NT 6.3; WOW64) AppleWebKit/537.36 (KHTML, like Gecko) Chrome/32.0.1700.102 Safari/537.36"
103.42.216.8 - - [30/Mar/2017:08:04:42 +0000] "POST /validate HTTP/1.1" 302 105 "http://103.253.146.26/logout" "Mozilla/5.0 (Windows NT 10.0; Win64; x64) AppleWebKit/537.36 (KHTML, like Gecko) Chrome/57.0.2987.98 Safari/537.36"
103.42.216.8 - - [30/Mar/2017:08:04:42 +0000] "GET /orders HTTP/1.1" 200 1654 "http://103.253.146.26/logout" "Mozilla/5.0 (Windows NT 10.0; Win64; x64) AppleWebKit/537.36 (KHTML, like Gecko) Chrome/57.0.2987.98 Safari/537.36"
103.42.216.8 - - [30/Mar/2017:08:04:44 +0000] "GET /dashboard HTTP/1.1" 200 1022 "http://103.253.146.26/orders" "Mozilla/5.0 (Windows NT 10.0; Win64; x64) AppleWebKit/537.36 (KHTML, like Gecko) Chrome/57.0.2987.98 Safari/537.36"
103.42.216.8 - - [30/Mar/2017:08:04:46 +0000] "GET /logout HTTP/1.1" 200 1253 "http://103.253.146.26/dashboard" "Mozilla/5.0 (Windows NT 10.0; Win64; x64) AppleWebKit/537.36 (KHTML, like Gecko) Chrome/57.0.2987.98 Safari/537.36"
74.50.213.205 - - [30/Mar/2017:08:05:18 +0000] "GET /api/v1/orders/ HTTP/1.1" 200 1036 "-" "Dalvik/2.1.0 (Linux; U; Android 6.0.1; Redmi Note 3 MIUI/V8.2.1.0.MHOCNDL)"
103.42.216.8 - - [30/Mar/2017:08:06:05 +0000] "POST /api/v1/orders HTTP/1.1" 401 25 "-" "Mozilla/5.0 (Windows NT 10.0; Win64; x64) AppleWebKit/537.36 (KHTML, like Gecko) Chrome/57.0.2987.98 Safari/537.36"
103.42.216.8 - - [30/Mar/2017:08:06:10 +0000] "POST /api/v1/orders HTTP/1.1" 401 25 "-" "Mozilla/5.0 (Windows NT 10.0; Win64; x64) AppleWebKit/537.36 (KHTML, like Gecko) Chrome/57.0.2987.98 Safari/537.36"
103.42.216.8 - - [30/Mar/2017:08:06:31 +0000] "POST /validate HTTP/1.1" 302 105 "http://103.253.146.26/logout" "Mozilla/5.0 (Windows NT 10.0; Win64; x64) AppleWebKit/537.36 (KHTML, like Gecko) Chrome/57.0.2987.98 Safari/537.36"
103.42.216.8 - - [30/Mar/2017:08:06:31 +0000] "GET /orders HTTP/1.1" 200 1865 "http://103.253.146.26/logout" "Mozilla/5.0 (Windows NT 10.0; Win64; x64) AppleWebKit/537.36 (KHTML, like Gecko) Chrome/57.0.2987.98 Safari/537.36"
103.42.216.8 - - [30/Mar/2017:08:06:53 +0000] "POST /api/v1/orders HTTP/1.1" 401 25 "-" "Mozilla/5.0 (Windows NT 10.0; Win64; x64) AppleWebKit/537.36 (KHTML, like Gecko) Chrome/57.0.2987.98 Safari/537.36"
103.42.216.8 - - [30/Mar/2017:08:07:07 +0000] "GET /orders/1 HTTP/1.1" 200 1960 "http://103.253.146.26/orders" "Mozilla/5.0 (Windows NT 10.0; Win64; x64) AppleWebKit/537.36 (KHTML, like Gecko) Chrome/57.0.2987.98 Safari/537.36"
103.42.216.8 - - [30/Mar/2017:08:07:34 +0000] "POST /api/v1/login/ HTTP/1.1" 200 287 "-" "Mozilla/5.0 (Windows NT 10.0; Win64; x64) AppleWebKit/537.36 (KHTML, like Gecko) Chrome/57.0.2987.98 Safari/537.36"
103.42.216.8 - - [30/Mar/2017:08:07:45 +0000] "GET /api/v1/orders HTTP/1.1" 200 1036 "-" "Mozilla/5.0 (Windows NT 10.0; Win64; x64) AppleWebKit/537.36 (KHTML, like Gecko) Chrome/57.0.2987.98 Safari/537.36"
103.42.216.8 - - [30/Mar/2017:08:07:51 +0000] "POST /api/v1/orders HTTP/1.1" 200 25 "-" "Mozilla/5.0 (Windows NT 10.0; Win64; x64) AppleWebKit/537.36 (KHTML, like Gecko) Chrome/57.0.2987.98 Safari/537.36"
103.42.216.8 - - [30/Mar/2017:08:08:08 +0000] "POST /api/v1/orders HTTP/1.1" 200 25 "-" "Mozilla/5.0 (Windows NT 10.0; Win64; x64) AppleWebKit/537.36 (KHTML, like Gecko) Chrome/57.0.2987.98 Safari/537.36"
103.42.216.8 - - [30/Mar/2017:08:08:17 +0000] "GET /dashboard HTTP/1.1" 200 1242 "http://103.253.146.26/orders/1" "Mozilla/5.0 (Windows NT 10.0; Win64; x64) AppleWebKit/537.36 (KHTML, like Gecko) Chrome/57.0.2987.98 Safari/537.36"
103.42.216.8 - - [30/Mar/2017:08:08:25 +0000] "GET /logout HTTP/1.1" 200 1256 "http://103.253.146.26/dashboard" "Mozilla/5.0 (Windows NT 10.0; Win64; x64) AppleWebKit/537.36 (KHTML, like Gecko) Chrome/57.0.2987.98 Safari/537.36"
103.42.216.8 - - [30/Mar/2017:08:08:32 +0000] "POST /validate HTTP/1.1" 302 105 "http://103.253.146.26/logout" "Mozilla/5.0 (Windows NT 10.0; Win64; x64) AppleWebKit/537.36 (KHTML, like Gecko) Chrome/57.0.2987.98 Safari/537.36"
103.42.216.8 - - [30/Mar/2017:08:08:32 +0000] "GET /orders HTTP/1.1" 200 1716 "http://103.253.146.26/logout" "Mozilla/5.0 (Windows NT 10.0; Win64; x64) AppleWebKit/537.36 (KHTML, like Gecko) Chrome/57.0.2987.98 Safari/537.36"
103.42.216.8 - - [30/Mar/2017:08:08:34 +0000] "GET /dashboard HTTP/1.1" 200 1177 "http://103.253.146.26/orders" "Mozilla/5.0 (Windows NT 10.0; Win64; x64) AppleWebKit/537.36 (KHTML, like Gecko) Chrome/57.0.2987.98 Safari/537.36"
103.42.216.8 - - [30/Mar/2017:08:08:36 +0000] "GET /orders/8 HTTP/1.1" 200 2221 "http://103.253.146.26/dashboard" "Mozilla/5.0 (Windows NT 10.0; Win64; x64) AppleWebKit/537.36 (KHTML, like Gecko) Chrome/57.0.2987.98 Safari/537.36"
103.42.216.8 - - [30/Mar/2017:08:08:46 +0000] "GET /update_detail?name=test+kjsadakjhdka+askjdask+hkajdhaskjdhaskjdhaksdhaksjdhaskjdhaskdjhaskjdasdhaksjdashdkjashdkjasdhkjasd&price=123&qty=21&order_id=8&detail_id=19 HTTP/1.1" 302 107 "http://103.253.146.26/orders/8" "Mozilla/5.0 (Windows NT 10.0; Win64; x64) AppleWebKit/537.36 (KHTML, like Gecko) Chrome/57.0.2987.98 Safari/537.36"
103.42.216.8 - - [30/Mar/2017:08:08:46 +0000] "GET /orders/8 HTTP/1.1" 200 2291 "http://103.253.146.26/orders/8" "Mozilla/5.0 (Windows NT 10.0; Win64; x64) AppleWebKit/537.36 (KHTML, like Gecko) Chrome/57.0.2987.98 Safari/537.36"
103.42.216.8 - - [30/Mar/2017:08:08:53 +0000] "POST /orders/8 HTTP/1.1" 302 107 "http://103.253.146.26/orders/8" "Mozilla/5.0 (Windows NT 10.0; Win64; x64) AppleWebKit/537.36 (KHTML, like Gecko) Chrome/57.0.2987.98 Safari/537.36"
103.42.216.8 - - [30/Mar/2017:08:08:53 +0000] "GET /orders/8 HTTP/1.1" 200 1933 "http://103.253.146.26/orders/8" "Mozilla/5.0 (Windows NT 10.0; Win64; x64) AppleWebKit/537.36 (KHTML, like Gecko) Chrome/57.0.2987.98 Safari/537.36"
103.42.216.8 - - [30/Mar/2017:08:09:25 +0000] "GET /orders/8 HTTP/1.1" 200 1932 "http://103.253.146.26/orders/8" "Mozilla/5.0 (Windows NT 10.0; Win64; x64) AppleWebKit/537.36 (KHTML, like Gecko) Chrome/57.0.2987.98 Safari/537.36"
103.42.216.8 - - [30/Mar/2017:08:10:40 +0000] "GET /orders/2 HTTP/1.1" 200 1891 "http://103.253.146.26/orders/1" "Mozilla/5.0 (Windows NT 6.3; WOW64) AppleWebKit/537.36 (KHTML, like Gecko) Chrome/32.0.1700.102 Safari/537.36"
103.42.216.8 - - [30/Mar/2017:08:10:40 +0000] "GET /assets/application-cb031875b7fb8fd8d16a012e01a99bfe56ad396f1e6dca6ec12305be0b6eaa18.js HTTP/1.1" 304 0 "http://103.253.146.26/orders/1" "Mozilla/5.0 (Windows NT 6.3; WOW64) AppleWebKit/537.36 (KHTML, like Gecko) Chrome/32.0.1700.102 Safari/537.36"
103.42.216.8 - - [30/Mar/2017:08:10:40 +0000] "GET /assets/application-2875f0e4607cc022b5d8048142ca3911adb3b7592bd682d223b12d7dac96b39c.css HTTP/1.1" 304 0 "http://103.253.146.26/orders/1" "Mozilla/5.0 (Windows NT 6.3; WOW64) AppleWebKit/537.36 (KHTML, like Gecko) Chrome/32.0.1700.102 Safari/537.36"
103.42.216.8 - - [30/Mar/2017:08:11:12 +0000] "GET /logout HTTP/1.1" 200 1257 "http://103.253.146.26/orders/2" "Mozilla/5.0 (Windows NT 6.3; WOW64) AppleWebKit/537.36 (KHTML, like Gecko) Chrome/32.0.1700.102 Safari/537.36"
103.42.216.8 - - [30/Mar/2017:08:11:23 +0000] "GET /logout HTTP/1.1" 200 1253 "http://103.253.146.26/orders/2" "Mozilla/5.0 (Windows NT 6.3; WOW64) AppleWebKit/537.36 (KHTML, like Gecko) Chrome/32.0.1700.102 Safari/537.36"
103.42.216.8 - - [30/Mar/2017:08:11:55 +0000] "POST /validate HTTP/1.1" 302 105 "http://103.253.146.26/logout" "Mozilla/5.0 (Windows NT 6.3; WOW64) AppleWebKit/537.36 (KHTML, like Gecko) Chrome/32.0.1700.102 Safari/537.36"
103.42.216.8 - - [30/Mar/2017:08:11:55 +0000] "GET /orders HTTP/1.1" 200 1724 "http://103.253.146.26/logout" "Mozilla/5.0 (Windows NT 6.3; WOW64) AppleWebKit/537.36 (KHTML, like Gecko) Chrome/32.0.1700.102 Safari/537.36"
103.42.216.8 - - [30/Mar/2017:08:12:08 +0000] "GET /orders/9 HTTP/1.1" 200 1859 "http://103.253.146.26/orders" "Mozilla/5.0 (Windows NT 6.3; WOW64) AppleWebKit/537.36 (KHTML, like Gecko) Chrome/32.0.1700.102 Safari/537.36"
103.42.216.8 - - [30/Mar/2017:08:12:13 +0000] "GET /orders HTTP/1.1" 200 1595 "http://103.253.146.26/orders/9" "Mozilla/5.0 (Windows NT 6.3; WOW64) AppleWebKit/537.36 (KHTML, like Gecko) Chrome/32.0.1700.102 Safari/537.36"
103.42.216.8 - - [30/Mar/2017:08:12:22 +0000] "GET /orders/6 HTTP/1.1" 200 1854 "http://103.253.146.26/orders" "Mozilla/5.0 (Windows NT 6.3; WOW64) AppleWebKit/537.36 (KHTML, like Gecko) Chrome/32.0.1700.102 Safari/537.36"
103.42.216.8 - - [30/Mar/2017:08:13:54 +0000] "GET /orders HTTP/1.1" 200 1594 "http://103.253.146.26/orders/6" "Mozilla/5.0 (Windows NT 6.3; WOW64) AppleWebKit/537.36 (KHTML, like Gecko) Chrome/32.0.1700.102 Safari/537.36"
74.50.213.205 - - [30/Mar/2017:08:18:06 +0000] "POST /api/v1/orders/ HTTP/1.1" 200 25 "-" "Dalvik/2.1.0 (Linux; U; Android 6.0.1; Redmi Note 3 MIUI/V8.2.1.0.MHOCNDL)"
103.25.14.227 - - [30/Mar/2017:08:18:12 +0000] "GET /api/v1/orders/ HTTP/1.1" 200 3924 "-" "Dalvik/1.6.0 (Linux; U; Android 4.4.2; Lenovo X2-AP Build/KOT49H)"
103.42.216.8 - - [30/Mar/2017:08:18:22 +0000] "GET /orders HTTP/1.1" 200 1738 "http://103.253.146.26/logout" "Mozilla/5.0 (Windows NT 6.3; WOW64) AppleWebKit/537.36 (KHTML, like Gecko) Chrome/32.0.1700.102 Safari/537.36"
103.42.216.8 - - [30/Mar/2017:08:18:22 +0000] "GET /assets/application-2875f0e4607cc022b5d8048142ca3911adb3b7592bd682d223b12d7dac96b39c.css HTTP/1.1" 304 0 "http://103.253.146.26/orders" "Mozilla/5.0 (Windows NT 6.3; WOW64) AppleWebKit/537.36 (KHTML, like Gecko) Chrome/32.0.1700.102 Safari/537.36"
103.42.216.8 - - [30/Mar/2017:08:18:22 +0000] "GET /assets/application-cb031875b7fb8fd8d16a012e01a99bfe56ad396f1e6dca6ec12305be0b6eaa18.js HTTP/1.1" 304 0 "http://103.253.146.26/orders" "Mozilla/5.0 (Windows NT 6.3; WOW64) AppleWebKit/537.36 (KHTML, like Gecko) Chrome/32.0.1700.102 Safari/537.36"
74.50.213.205 - - [30/Mar/2017:08:18:44 +0000] "POST /api/v1/orders/ HTTP/1.1" 200 25 "-" "Dalvik/2.1.0 (Linux; U; Android 6.0.1; Redmi Note 3 MIUI/V8.2.1.0.MHOCNDL)"
74.50.213.205 - - [30/Mar/2017:08:19:05 +0000] "POST /api/v1/orders/ HTTP/1.1" 200 25 "-" "Dalvik/2.1.0 (Linux; U; Android 6.0.1; Redmi Note 3 MIUI/V8.2.1.0.MHOCNDL)"
103.42.216.8 - - [30/Mar/2017:08:19:12 +0000] "GET /orders HTTP/1.1" 200 1798 "http://103.253.146.26/logout" "Mozilla/5.0 (Windows NT 6.3; WOW64) AppleWebKit/537.36 (KHTML, like Gecko) Chrome/32.0.1700.102 Safari/537.36"
103.42.216.8 - - [30/Mar/2017:08:19:13 +0000] "GET /assets/application-2875f0e4607cc022b5d8048142ca3911adb3b7592bd682d223b12d7dac96b39c.css HTTP/1.1" 304 0 "http://103.253.146.26/orders" "Mozilla/5.0 (Windows NT 6.3; WOW64) AppleWebKit/537.36 (KHTML, like Gecko) Chrome/32.0.1700.102 Safari/537.36"
103.42.216.8 - - [30/Mar/2017:08:19:13 +0000] "GET /assets/application-cb031875b7fb8fd8d16a012e01a99bfe56ad396f1e6dca6ec12305be0b6eaa18.js HTTP/1.1" 304 0 "http://103.253.146.26/orders" "Mozilla/5.0 (Windows NT 6.3; WOW64) AppleWebKit/537.36 (KHTML, like Gecko) Chrome/32.0.1700.102 Safari/537.36"
103.42.216.8 - - [30/Mar/2017:08:19:16 +0000] "GET / HTTP/1.1" 302 105 "http://103.253.146.26/orders/8" "Mozilla/5.0 (Windows NT 10.0; Win64; x64) AppleWebKit/537.36 (KHTML, like Gecko) Chrome/57.0.2987.98 Safari/537.36"
103.42.216.8 - - [30/Mar/2017:08:19:16 +0000] "GET /orders HTTP/1.1" 200 1922 "http://103.253.146.26/orders/8" "Mozilla/5.0 (Windows NT 10.0; Win64; x64) AppleWebKit/537.36 (KHTML, like Gecko) Chrome/57.0.2987.98 Safari/537.36"
103.42.216.8 - - [30/Mar/2017:08:19:18 +0000] "GET /logout HTTP/1.1" 200 1261 "http://103.253.146.26/orders" "Mozilla/5.0 (Windows NT 10.0; Win64; x64) AppleWebKit/537.36 (KHTML, like Gecko) Chrome/57.0.2987.98 Safari/537.36"
103.42.216.8 - - [30/Mar/2017:08:19:21 +0000] "POST /validate HTTP/1.1" 302 105 "http://103.253.146.26/logout" "Mozilla/5.0 (Windows NT 10.0; Win64; x64) AppleWebKit/537.36 (KHTML, like Gecko) Chrome/57.0.2987.98 Safari/537.36"
103.42.216.8 - - [30/Mar/2017:08:19:21 +0000] "GET /orders HTTP/1.1" 200 2185 "http://103.253.146.26/logout" "Mozilla/5.0 (Windows NT 10.0; Win64; x64) AppleWebKit/537.36 (KHTML, like Gecko) Chrome/57.0.2987.98 Safari/537.36"
103.42.216.8 - - [30/Mar/2017:08:19:22 +0000] "GET /dashboard HTTP/1.1" 200 1384 "http://103.253.146.26/orders" "Mozilla/5.0 (Windows NT 10.0; Win64; x64) AppleWebKit/537.36 (KHTML, like Gecko) Chrome/57.0.2987.98 Safari/537.36"
103.42.216.8 - - [30/Mar/2017:08:19:23 +0000] "GET /dashboard HTTP/1.1" 200 1383 "http://103.253.146.26/dashboard" "Mozilla/5.0 (Windows NT 10.0; Win64; x64) AppleWebKit/537.36 (KHTML, like Gecko) Chrome/57.0.2987.98 Safari/537.36"
103.42.216.8 - - [30/Mar/2017:08:19:36 +0000] "GET /orders/12 HTTP/1.1" 200 2311 "http://103.253.146.26/dashboard" "Mozilla/5.0 (Windows NT 10.0; Win64; x64) AppleWebKit/537.36 (KHTML, like Gecko) Chrome/57.0.2987.98 Safari/537.36"
103.42.216.8 - - [30/Mar/2017:08:19:47 +0000] "GET /orders/10 HTTP/1.1" 200 2251 "http://103.253.146.26/orders" "Mozilla/5.0 (Windows NT 6.3; WOW64) AppleWebKit/537.36 (KHTML, like Gecko) Chrome/32.0.1700.102 Safari/537.36"
103.42.216.8 - - [30/Mar/2017:08:20:11 +0000] "GET /customers HTTP/1.1" 200 1528 "http://103.253.146.26/orders/12" "Mozilla/5.0 (Windows NT 10.0; Win64; x64) AppleWebKit/537.36 (KHTML, like Gecko) Chrome/57.0.2987.98 Safari/537.36"
103.42.216.8 - - [30/Mar/2017:08:20:14 +0000] "GET /orders HTTP/1.1" 200 2059 "http://103.253.146.26/customers" "Mozilla/5.0 (Windows NT 10.0; Win64; x64) AppleWebKit/537.36 (KHTML, like Gecko) Chrome/57.0.2987.98 Safari/537.36"
103.42.216.8 - - [30/Mar/2017:08:20:15 +0000] "GET /dashboard HTTP/1.1" 200 1381 "http://103.253.146.26/orders" "Mozilla/5.0 (Windows NT 10.0; Win64; x64) AppleWebKit/537.36 (KHTML, like Gecko) Chrome/57.0.2987.98 Safari/537.36"
103.42.216.8 - - [30/Mar/2017:08:20:21 +0000] "GET /orders/12 HTTP/1.1" 200 2313 "http://103.253.146.26/dashboard" "Mozilla/5.0 (Windows NT 10.0; Win64; x64) AppleWebKit/537.36 (KHTML, like Gecko) Chrome/57.0.2987.98 Safari/537.36"
74.50.213.205 - - [30/Mar/2017:08:20:24 +0000] "GET /api/v1/orders/ HTTP/1.1" 200 7487 "-" "Dalvik/2.1.0 (Linux; U; Android 6.0.1; Redmi Note 3 MIUI/V8.2.1.0.MHOCNDL)"
103.42.216.8 - - [30/Mar/2017:08:20:39 +0000] "GET /orders/12 HTTP/1.1" 200 2306 "http://103.253.146.26/orders/12" "Mozilla/5.0 (Windows NT 10.0; Win64; x64) AppleWebKit/537.36 (KHTML, like Gecko) Chrome/57.0.2987.98 Safari/537.36"
74.50.213.205 - - [30/Mar/2017:08:22:59 +0000] "GET /api/v1/orders/ HTTP/1.1" 200 7487 "-" "Dalvik/2.1.0 (Linux; U; Android 6.0.1; Redmi Note 3 MIUI/V8.2.1.0.MHOCNDL)"
103.42.216.8 - - [30/Mar/2017:08:24:13 +0000] "GET /orders/12 HTTP/1.1" 200 2306 "http://103.253.146.26/orders/12" "Mozilla/5.0 (Windows NT 10.0; Win64; x64) AppleWebKit/537.36 (KHTML, like Gecko) Chrome/57.0.2987.98 Safari/537.36"
103.42.216.8 - - [30/Mar/2017:08:25:03 +0000] "GET /orders/12 HTTP/1.1" 200 2311 "http://103.253.146.26/orders/12" "Mozilla/5.0 (Windows NT 10.0; Win64; x64) AppleWebKit/537.36 (KHTML, like Gecko) Chrome/57.0.2987.98 Safari/537.36"
103.42.216.8 - - [30/Mar/2017:08:26:15 +0000] "GET / HTTP/1.1" 200 1257 "-" "Mozilla/5.0 (Windows NT 10.0; Win64; x64) AppleWebKit/537.36 (KHTML, like Gecko) Chrome/56.0.2924.87 Safari/537.36"
103.42.216.8 - - [30/Mar/2017:08:26:15 +0000] "GET /assets/application-2875f0e4607cc022b5d8048142ca3911adb3b7592bd682d223b12d7dac96b39c.css HTTP/1.1" 200 146867 "http://103.253.146.26/" "Mozilla/5.0 (Windows NT 10.0; Win64; x64) AppleWebKit/537.36 (KHTML, like Gecko) Chrome/56.0.2924.87 Safari/537.36"
103.42.216.8 - - [30/Mar/2017:08:26:16 +0000] "GET /assets/application-cb031875b7fb8fd8d16a012e01a99bfe56ad396f1e6dca6ec12305be0b6eaa18.js HTTP/1.1" 200 272796 "http://103.253.146.26/" "Mozilla/5.0 (Windows NT 10.0; Win64; x64) AppleWebKit/537.36 (KHTML, like Gecko) Chrome/56.0.2924.87 Safari/537.36"
103.42.216.8 - - [30/Mar/2017:08:26:21 +0000] "POST /validate HTTP/1.1" 302 105 "http://103.253.146.26/" "Mozilla/5.0 (Windows NT 10.0; Win64; x64) AppleWebKit/537.36 (KHTML, like Gecko) Chrome/56.0.2924.87 Safari/537.36"
103.42.216.8 - - [30/Mar/2017:08:26:21 +0000] "GET /orders HTTP/1.1" 200 2187 "http://103.253.146.26/" "Mozilla/5.0 (Windows NT 10.0; Win64; x64) AppleWebKit/537.36 (KHTML, like Gecko) Chrome/56.0.2924.87 Safari/537.36"
103.42.216.8 - - [30/Mar/2017:08:26:21 +0000] "GET /assets/dataTables/sort_both-624f0a471a2535c4754e1f6974b0e64ee70d6907738346e2a11d0bff20258b8c.png HTTP/1.1" 200 1136 "http://103.253.146.26/assets/application-2875f0e4607cc022b5d8048142ca3911adb3b7592bd682d223b12d7dac96b39c.css" "Mozilla/5.0 (Windows NT 10.0; Win64; x64) AppleWebKit/537.36 (KHTML, like Gecko) Chrome/56.0.2924.87 Safari/537.36"
103.42.216.8 - - [30/Mar/2017:08:26:21 +0000] "GET /assets/bootstrap/glyphicons-halflings-regular-fe185d11a49676890d47bb783312a0cda5a44c4039214094e7957b4c040ef11c.woff2 HTTP/1.1" 200 18028 "http://103.253.146.26/assets/application-2875f0e4607cc022b5d8048142ca3911adb3b7592bd682d223b12d7dac96b39c.css" "Mozilla/5.0 (Windows NT 10.0; Win64; x64) AppleWebKit/537.36 (KHTML, like Gecko) Chrome/56.0.2924.87 Safari/537.36"
103.42.216.8 - - [30/Mar/2017:08:26:21 +0000] "GET /assets/dataTables/sort_asc-ee6010bb0a8d17e58307136a0fbf0b196d949ab6c50eb66d1ff8f0a7d2a4d48b.png HTTP/1.1" 200 1118 "http://103.253.146.26/assets/application-2875f0e4607cc022b5d8048142ca3911adb3b7592bd682d223b12d7dac96b39c.css" "Mozilla/5.0 (Windows NT 10.0; Win64; x64) AppleWebKit/537.36 (KHTML, like Gecko) Chrome/56.0.2924.87 Safari/537.36"
103.42.216.8 - - [30/Mar/2017:08:26:23 +0000] "GET /dashboard HTTP/1.1" 200 1381 "http://103.253.146.26/orders" "Mozilla/5.0 (Windows NT 10.0; Win64; x64) AppleWebKit/537.36 (KHTML, like Gecko) Chrome/56.0.2924.87 Safari/537.36"
103.42.216.8 - - [30/Mar/2017:08:26:25 +0000] "GET /orders/12 HTTP/1.1" 200 2310 "http://103.253.146.26/dashboard" "Mozilla/5.0 (Windows NT 10.0; Win64; x64) AppleWebKit/537.36 (KHTML, like Gecko) Chrome/56.0.2924.87 Safari/537.36"
103.42.216.8 - - [30/Mar/2017:08:26:26 +0000] "GET /orders/10 HTTP/1.1" 200 2253 "http://103.253.146.26/logout" "Mozilla/5.0 (Windows NT 6.3; WOW64) AppleWebKit/537.36 (KHTML, like Gecko) Chrome/32.0.1700.102 Safari/537.36"
103.42.216.8 - - [30/Mar/2017:08:26:26 +0000] "GET /assets/application-2875f0e4607cc022b5d8048142ca3911adb3b7592bd682d223b12d7dac96b39c.css HTTP/1.1" 304 0 "http://103.253.146.26/orders" "Mozilla/5.0 (Windows NT 6.3; WOW64) AppleWebKit/537.36 (KHTML, like Gecko) Chrome/32.0.1700.102 Safari/537.36"
103.42.216.8 - - [30/Mar/2017:08:26:26 +0000] "GET /assets/application-cb031875b7fb8fd8d16a012e01a99bfe56ad396f1e6dca6ec12305be0b6eaa18.js HTTP/1.1" 304 0 "http://103.253.146.26/orders" "Mozilla/5.0 (Windows NT 6.3; WOW64) AppleWebKit/537.36 (KHTML, like Gecko) Chrome/32.0.1700.102 Safari/537.36"
103.42.216.8 - - [30/Mar/2017:08:26:46 +0000] "GET /orders/12 HTTP/1.1" 200 2307 "http://103.253.146.26/orders/12" "Mozilla/5.0 (Windows NT 10.0; Win64; x64) AppleWebKit/537.36 (KHTML, like Gecko) Chrome/56.0.2924.87 Safari/537.36"
103.42.216.8 - - [30/Mar/2017:08:26:57 +0000] "GET /orders/12 HTTP/1.1" 200 2310 "http://103.253.146.26/orders/12" "Mozilla/5.0 (Windows NT 10.0; Win64; x64) AppleWebKit/537.36 (KHTML, like Gecko) Chrome/56.0.2924.87 Safari/537.36"
103.42.216.8 - - [30/Mar/2017:08:28:54 +0000] "GET /orders/12 HTTP/1.1" 200 2308 "http://103.253.146.26/orders/12" "Mozilla/5.0 (Windows NT 10.0; Win64; x64) AppleWebKit/537.36 (KHTML, like Gecko) Chrome/56.0.2924.87 Safari/537.36"
103.42.216.8 - - [30/Mar/2017:08:29:20 +0000] "GET /orders/12 HTTP/1.1" 200 2308 "http://103.253.146.26/orders/12" "Mozilla/5.0 (Windows NT 10.0; Win64; x64) AppleWebKit/537.36 (KHTML, like Gecko) Chrome/56.0.2924.87 Safari/537.36"
103.42.216.8 - - [30/Mar/2017:08:30:20 +0000] "GET /orders/12 HTTP/1.1" 200 2311 "http://103.253.146.26/orders/12" "Mozilla/5.0 (Windows NT 10.0; Win64; x64) AppleWebKit/537.36 (KHTML, like Gecko) Chrome/56.0.2924.87 Safari/537.36"
103.42.216.8 - - [30/Mar/2017:08:30:51 +0000] "GET /orders/12 HTTP/1.1" 200 2306 "http://103.253.146.26/orders/12" "Mozilla/5.0 (Windows NT 10.0; Win64; x64) AppleWebKit/537.36 (KHTML, like Gecko) Chrome/56.0.2924.87 Safari/537.36"
23.247.72.11 - - [30/Mar/2017:08:30:54 +0000] "GET / HTTP/1.1" 200 3186 "-" "Mozilla/4.0 (compatible; MSIE 8.0; Windows NT 6.1; Trident/4.0; SLCC2; .NET CLR 2.0.50727; .NET CLR 3.5.30729; .NET CLR 3.0.30729; Media Center PC 6.0)"
103.25.14.227 - - [30/Mar/2017:08:34:12 +0000] "POST /api/v1/login/ HTTP/1.1" 200 287 "-" "Dalvik/1.6.0 (Linux; U; Android 4.4.2; Lenovo X2-AP Build/KOT49H)"
103.25.14.227 - - [30/Mar/2017:08:35:36 +0000] "POST /api/v1/login/ HTTP/1.1" 200 287 "-" "Dalvik/1.6.0 (Linux; U; Android 4.4.2; Lenovo X2-AP Build/KOT49H)"
103.25.14.227 - - [30/Mar/2017:08:38:09 +0000] "GET /api/v1/orders/ HTTP/1.1" 200 7487 "-" "Dalvik/1.6.0 (Linux; U; Android 4.4.2; Lenovo X2-AP Build/KOT49H)"
103.42.216.8 - - [30/Mar/2017:08:40:30 +0000] "GET /orders/10 HTTP/1.1" 200 2254 "http://103.253.146.26/orders/10" "Mozilla/5.0 (Windows NT 6.3; WOW64) AppleWebKit/537.36 (KHTML, like Gecko) Chrome/32.0.1700.102 Safari/537.36"
103.42.216.8 - - [30/Mar/2017:08:41:38 +0000] "GET /orders/10 HTTP/1.1" 200 2250 "http://103.253.146.26/orders/10" "Mozilla/5.0 (Windows NT 6.3; WOW64) AppleWebKit/537.36 (KHTML, like Gecko) Chrome/32.0.1700.102 Safari/537.36"
103.42.216.8 - - [30/Mar/2017:08:43:49 +0000] "GET /orders/10 HTTP/1.1" 200 2253 "http://103.253.146.26/orders/10" "Mozilla/5.0 (Windows NT 6.3; WOW64) AppleWebKit/537.36 (KHTML, like Gecko) Chrome/32.0.1700.102 Safari/537.36"
103.42.216.8 - - [30/Mar/2017:08:47:41 +0000] "GET /orders/12 HTTP/1.1" 200 2307 "http://103.253.146.26/dashboard" "Mozilla/5.0 (Windows NT 10.0; Win64; x64) AppleWebKit/537.36 (KHTML, like Gecko) Chrome/57.0.2987.98 Safari/537.36"
103.42.216.8 - - [30/Mar/2017:08:48:28 +0000] "GET /orders/12 HTTP/1.1" 200 2310 "http://103.253.146.26/dashboard" "Mozilla/5.0 (Windows NT 10.0; Win64; x64) AppleWebKit/537.36 (KHTML, like Gecko) Chrome/57.0.2987.98 Safari/537.36"
103.42.216.8 - - [30/Mar/2017:08:53:31 +0000] "POST /api/v1/login/ HTTP/1.1" 200 287 "-" "Dalvik/2.1.0 (Linux; U; Android 5.0.2; Android SDK built for x86 Build/LSY66K)"
74.50.213.205 - - [30/Mar/2017:08:55:18 +0000] "POST /api/v1/orders/ HTTP/1.1" 200 25 "-" "Dalvik/2.1.0 (Linux; U; Android 6.0.1; Redmi Note 3 MIUI/V8.2.1.0.MHOCNDL)"
103.42.216.8 - - [30/Mar/2017:08:55:35 +0000] "GET /orders HTTP/1.1" 200 1878 "http://103.253.146.26/orders/10" "Mozilla/5.0 (Windows NT 6.3; WOW64) AppleWebKit/537.36 (KHTML, like Gecko) Chrome/32.0.1700.102 Safari/537.36"
103.42.216.8 - - [30/Mar/2017:08:55:43 +0000] "GET /orders HTTP/1.1" 200 1887 "http://103.253.146.26/logout" "Mozilla/5.0 (Windows NT 6.3; WOW64) AppleWebKit/537.36 (KHTML, like Gecko) Chrome/32.0.1700.102 Safari/537.36"
103.42.216.8 - - [30/Mar/2017:08:55:43 +0000] "GET /assets/application-2875f0e4607cc022b5d8048142ca3911adb3b7592bd682d223b12d7dac96b39c.css HTTP/1.1" 304 0 "http://103.253.146.26/orders" "Mozilla/5.0 (Windows NT 6.3; WOW64) AppleWebKit/537.36 (KHTML, like Gecko) Chrome/32.0.1700.102 Safari/537.36"
103.42.216.8 - - [30/Mar/2017:08:55:43 +0000] "GET /assets/application-cb031875b7fb8fd8d16a012e01a99bfe56ad396f1e6dca6ec12305be0b6eaa18.js HTTP/1.1" 304 0 "http://103.253.146.26/orders" "Mozilla/5.0 (Windows NT 6.3; WOW64) AppleWebKit/537.36 (KHTML, like Gecko) Chrome/32.0.1700.102 Safari/537.36"
103.42.216.8 - - [30/Mar/2017:08:56:05 +0000] "GET /orders/13 HTTP/1.1" 200 2312 "http://103.253.146.26/orders" "Mozilla/5.0 (Windows NT 6.3; WOW64) AppleWebKit/537.36 (KHTML, like Gecko) Chrome/32.0.1700.102 Safari/537.36"
103.42.216.8 - - [30/Mar/2017:08:56:20 +0000] "GET /logout HTTP/1.1" 200 1256 "http://103.253.146.26/orders/13" "Mozilla/5.0 (Windows NT 6.3; WOW64) AppleWebKit/537.36 (KHTML, like Gecko) Chrome/32.0.1700.102 Safari/537.36"
103.42.216.8 - - [30/Mar/2017:08:57:09 +0000] "POST /validate HTTP/1.1" 302 105 "http://103.253.146.26/logout" "Mozilla/5.0 (Windows NT 6.3; WOW64) AppleWebKit/537.36 (KHTML, like Gecko) Chrome/32.0.1700.102 Safari/537.36"
103.42.216.8 - - [30/Mar/2017:08:57:09 +0000] "GET /orders HTTP/1.1" 200 2007 "http://103.253.146.26/logout" "Mozilla/5.0 (Windows NT 6.3; WOW64) AppleWebKit/537.36 (KHTML, like Gecko) Chrome/32.0.1700.102 Safari/537.36"
103.42.216.8 - - [30/Mar/2017:08:57:21 +0000] "GET /orders/13 HTTP/1.1" 200 2307 "http://103.253.146.26/orders" "Mozilla/5.0 (Windows NT 6.3; WOW64) AppleWebKit/537.36 (KHTML, like Gecko) Chrome/32.0.1700.102 Safari/537.36"
103.42.216.8 - - [30/Mar/2017:08:58:26 +0000] "GET /orders HTTP/1.1" 200 1884 "http://103.253.146.26/orders/13" "Mozilla/5.0 (Windows NT 6.3; WOW64) AppleWebKit/537.36 (KHTML, like Gecko) Chrome/32.0.1700.102 Safari/537.36"
103.42.216.8 - - [30/Mar/2017:08:58:58 +0000] "POST /validate HTTP/1.1" 302 105 "http://103.253.146.26/logout" "Mozilla/5.0 (Windows NT 6.3; WOW64) AppleWebKit/537.36 (KHTML, like Gecko) Chrome/32.0.1700.102 Safari/537.36"
103.42.216.8 - - [30/Mar/2017:08:58:58 +0000] "GET /orders HTTP/1.1" 200 2009 "http://103.253.146.26/logout" "Mozilla/5.0 (Windows NT 6.3; WOW64) AppleWebKit/537.36 (KHTML, like Gecko) Chrome/32.0.1700.102 Safari/537.36"
103.42.216.8 - - [30/Mar/2017:08:59:06 +0000] "GET /orders/13 HTTP/1.1" 200 2312 "http://103.253.146.26/orders" "Mozilla/5.0 (Windows NT 6.3; WOW64) AppleWebKit/537.36 (KHTML, like Gecko) Chrome/32.0.1700.102 Safari/537.36"
103.42.216.8 - - [30/Mar/2017:08:59:51 +0000] "GET /orders HTTP/1.1" 200 1885 "http://103.253.146.26/orders/13" "Mozilla/5.0 (Windows NT 6.3; WOW64) AppleWebKit/537.36 (KHTML, like Gecko) Chrome/32.0.1700.102 Safari/537.36"
103.42.216.8 - - [30/Mar/2017:08:59:56 +0000] "GET /logout HTTP/1.1" 200 1253 "http://103.253.146.26/orders" "Mozilla/5.0 (Windows NT 6.3; WOW64) AppleWebKit/537.36 (KHTML, like Gecko) Chrome/32.0.1700.102 Safari/537.36"
103.25.14.227 - - [30/Mar/2017:09:00:03 +0000] "POST /api/v1/login/ HTTP/1.1" 200 287 "-" "Dalvik/1.6.0 (Linux; U; Android 4.4.2; Lenovo X2-AP Build/KOT49H)"
103.42.216.8 - - [30/Mar/2017:09:00:22 +0000] "POST /validate HTTP/1.1" 302 99 "http://103.253.146.26/logout" "Mozilla/5.0 (Windows NT 6.3; WOW64) AppleWebKit/537.36 (KHTML, like Gecko) Chrome/32.0.1700.102 Safari/537.36"
103.42.216.8 - - [30/Mar/2017:09:00:22 +0000] "GET / HTTP/1.1" 200 1380 "http://103.253.146.26/logout" "Mozilla/5.0 (Windows NT 6.3; WOW64) AppleWebKit/537.36 (KHTML, like Gecko) Chrome/32.0.1700.102 Safari/537.36"
103.42.216.8 - - [30/Mar/2017:09:00:37 +0000] "POST /validate HTTP/1.1" 302 105 "http://103.253.146.26/" "Mozilla/5.0 (Windows NT 6.3; WOW64) AppleWebKit/537.36 (KHTML, like Gecko) Chrome/32.0.1700.102 Safari/537.36"
